#-----------------------------------------------------------
# Vivado v2024.2 (64-bit)
# SW Build 5239630 on Fri Nov 08 22:35:27 MST 2024
# IP Build 5239520 on Sun Nov 10 16:12:51 MST 2024
# SharedData Build 5239561 on Fri Nov 08 14:39:27 MST 2024
# Start of session at: Wed Feb 11 06:02:25 2026
# Process ID         : 41896
# Current directory  : C:/Users/C27Jayden.Randolph/ece383_wksp/Keyboard_Demo
# Command line       : vivado.exe -gui_launcher_event rodinguilauncherevent30964 C:\Users\C27Jayden.Randolph\ece383_wksp\Keyboard_Demo\Keyboard_Demo.xpr
# Log file           : C:/Users/C27Jayden.Randolph/ece383_wksp/Keyboard_Demo/vivado.log
# Journal file       : C:/Users/C27Jayden.Randolph/ece383_wksp/Keyboard_Demo\vivado.jou
# Running On         : C27-5CG3121FS7
# Platform           : Windows Server 2016 or Windows 10
# Operating System   : 22631
# Processor Detail   : AMD Ryzen 7 PRO 6850U with Radeon Graphics     
# CPU Frequency      : 2695 MHz
# CPU Physical cores : 8
# CPU Logical cores  : 16
# Host memory        : 16442 MB
# Swap memory        : 16642 MB
# Total Virtual      : 33085 MB
# Available Virtual  : 8441 MB
#-----------------------------------------------------------
start_gui
open_project C:/Users/C27Jayden.Randolph/ece383_wksp/Keyboard_Demo/Keyboard_Demo.xpr
INFO: [Project 1-313] Project file moved from 'C:/383/Keyboard_Demo' since last save.
WARNING: [filemgmt 56-2] Board Part Repository Path: Could not find the directory 'C:/Users/C27Jayden.Randolph/Users/james.trimble/AppData/Roaming/Xilinx/Vivado/2024.1/xhub/board_store/xilinx_board_store', nor could it be found using path 'C:/Users/james.trimble/AppData/Roaming/Xilinx/Vivado/2024.1/xhub/board_store/xilinx_board_store'.
INFO: [filemgmt 56-3] Default IP Output Path : Could not find the directory 'C:/Users/C27Jayden.Randolph/ece383_wksp/Keyboard_Demo/Keyboard_Demo.gen/sources_1'.
CRITICAL WARNING: [Project 1-311] Could not find the file 'C:/Users/C27Jayden.Randolph/ece383_wksp/Keyboard_Demo/Keyboard_Demo.srcs/sources_1/imports/Downloads/lec11_cu.vhd', nor could it be found using path 'C:/383/Keyboard_Demo/Keyboard_Demo.srcs/sources_1/imports/Downloads/lec11_cu.vhd'.
Scanning sources...
Finished scanning sources
INFO: [IP_Flow 19-234] Refreshing IP repositories
INFO: [IP_Flow 19-1704] No user IP repositories specified
INFO: [IP_Flow 19-2313] Loaded Vivado IP repository 'C:/Xilinx/Vivado/2024.2/data/ip'.
open_project: Time (s): cpu = 00:00:06 ; elapsed = 00:00:08 . Memory (MB): peak = 1135.242 ; gain = 91.578
update_compile_order -fileset sources_1
add_files -norecurse -scan_for_includes C:/Users/C27Jayden.Randolph/ece383_wksp/hw8/hw8.srcs/sources_1/new/lec11_cu.vhd
import_files -norecurse C:/Users/C27Jayden.Randolph/ece383_wksp/hw8/hw8.srcs/sources_1/new/lec11_cu.vhd
update_compile_order -fileset sources_1
launch_simulation
Command: launch_simulation 
INFO: [Vivado 12-12493] Simulation top is 'Keyboard_Demo'
WARNING: [Vivado 12-13340] Unable to auto find GCC executables from simulator install path! (path not set)
INFO: [Vivado 12-5682] Launching behavioral simulation in 'C:/Users/C27Jayden.Randolph/ece383_wksp/Keyboard_Demo/Keyboard_Demo.sim/sim_1/behav/xsim'
INFO: [SIM-utils-51] Simulation object is 'sim_1'
INFO: [SIM-utils-72] Using boost library from 'C:/Xilinx/Vivado/2024.2/tps/boost_1_72_0'
INFO: [SIM-utils-54] Inspecting design source files for 'Keyboard_Demo' in fileset 'sim_1'...
INFO: [USF-XSim-97] Finding global include files...
INFO: [USF-XSim-98] Fetching design files from 'sim_1'...
INFO: [USF-XSim-2] XSim::Compile design
INFO: [USF-XSim-61] Executing 'COMPILE and ANALYZE' step in 'C:/Users/C27Jayden.Randolph/ece383_wksp/Keyboard_Demo/Keyboard_Demo.sim/sim_1/behav/xsim'
"xvhdl --incr --relax -prj Keyboard_Demo_vhdl.prj"
INFO: [VRFC 10-163] Analyzing VHDL file "C:/Users/C27Jayden.Randolph/ece383_wksp/Keyboard_Demo/Keyboard_Demo.srcs/sources_1/imports/OLED_example2/ascii_rom.vhd" into library xil_defaultlib
INFO: [VRFC 10-3107] analyzing entity 'ascii_rom'
INFO: [VRFC 10-163] Analyzing VHDL file "C:/Users/C27Jayden.Randolph/ece383_wksp/Keyboard_Demo/Keyboard_Demo.srcs/sources_1/imports/OLED_example2/delay.vhd" into library xil_defaultlib
INFO: [VRFC 10-3107] analyzing entity 'delay'
INFO: [VRFC 10-163] Analyzing VHDL file "C:/Users/C27Jayden.Randolph/ece383_wksp/Keyboard_Demo/Keyboard_Demo.srcs/sources_1/imports/Homework_8/lec11.vhdl" into library xil_defaultlib
INFO: [VRFC 10-3107] analyzing entity 'lec11'
INFO: [VRFC 10-163] Analyzing VHDL file "C:/Users/C27Jayden.Randolph/ece383_wksp/Keyboard_Demo/Keyboard_Demo.srcs/sources_1/imports/new/lec11_cu.vhd" into library xil_defaultlib
INFO: [VRFC 10-3107] analyzing entity 'lec11_cu'
INFO: [VRFC 10-163] Analyzing VHDL file "C:/Users/C27Jayden.Randolph/ece383_wksp/Keyboard_Demo/Keyboard_Demo.srcs/sources_1/imports/Homework_8/lec11_dp.vhdl" into library xil_defaultlib
INFO: [VRFC 10-3107] analyzing entity 'lec11_dp'
INFO: [VRFC 10-163] Analyzing VHDL file "C:/Users/C27Jayden.Randolph/ece383_wksp/Keyboard_Demo/Keyboard_Demo.srcs/sources_1/imports/OLED_example2/oled_ctrl.vhd" into library xil_defaultlib
INFO: [VRFC 10-3107] analyzing entity 'oled_ctrl'
INFO: [VRFC 10-163] Analyzing VHDL file "C:/Users/C27Jayden.Randolph/ece383_wksp/Keyboard_Demo/Keyboard_Demo.srcs/sources_1/imports/OLED_example2/oled_ex.vhd" into library xil_defaultlib
INFO: [VRFC 10-3107] analyzing entity 'oled_ex'
INFO: [VRFC 10-163] Analyzing VHDL file "C:/Users/C27Jayden.Randolph/ece383_wksp/Keyboard_Demo/Keyboard_Demo.srcs/sources_1/imports/OLED_example2/oled_init.vhd" into library xil_defaultlib
INFO: [VRFC 10-3107] analyzing entity 'oled_init'
INFO: [VRFC 10-163] Analyzing VHDL file "C:/Users/C27Jayden.Randolph/ece383_wksp/Keyboard_Demo/Keyboard_Demo.srcs/sources_1/imports/OLED_example2/spi_ctrl.vhd" into library xil_defaultlib
INFO: [VRFC 10-3107] analyzing entity 'spi_ctrl'
INFO: [VRFC 10-163] Analyzing VHDL file "C:/Users/C27Jayden.Randolph/ece383_wksp/Keyboard_Demo/Keyboard_Demo.srcs/sources_1/new/Keyboard_Demo.vhd" into library xil_defaultlib
INFO: [VRFC 10-3107] analyzing entity 'Keyboard_Demo'
INFO: [USF-XSim-69] 'compile' step finished in '4' seconds
INFO: [USF-XSim-3] XSim::Elaborate design
INFO: [USF-XSim-61] Executing 'ELABORATE' step in 'C:/Users/C27Jayden.Randolph/ece383_wksp/Keyboard_Demo/Keyboard_Demo.sim/sim_1/behav/xsim'
"xelab --incr --debug typical --relax --mt 2 -L xil_defaultlib -L secureip --snapshot Keyboard_Demo_behav xil_defaultlib.Keyboard_Demo -log elaborate.log"
Vivado Simulator v2024.2.0
Copyright 1986-2022 Xilinx, Inc. All Rights Reserved.
Copyright 2022-2024 Advanced Micro Devices, Inc. All Rights Reserved.
Running: C:/Xilinx/Vivado/2024.2/bin/unwrapped/win64.o/xelab.exe --incr --debug typical --relax --mt 2 -L xil_defaultlib -L secureip --snapshot Keyboard_Demo_behav xil_defaultlib.Keyboard_Demo -log elaborate.log 
Using 2 slave threads.
Starting static elaboration
Completed static elaboration
Starting simulation data flow analysis
Completed simulation data flow analysis
Time Resolution for simulation is 1ps
Compiling package std.standard
Compiling package std.textio
Compiling package ieee.std_logic_1164
Compiling package ieee.std_logic_arith
Compiling package ieee.std_logic_unsigned
Compiling package ieee.numeric_std
Compiling package unisim.vcomponents
Compiling architecture behavioral of entity xil_defaultlib.spi_ctrl [spi_ctrl_default]
Compiling architecture behavioral of entity xil_defaultlib.delay [delay_default]
Compiling architecture behavioral of entity xil_defaultlib.oled_init [oled_init_default]
Compiling architecture behavioral of entity xil_defaultlib.ascii_rom [ascii_rom_default]
Compiling architecture behavioral of entity xil_defaultlib.oled_ex [oled_ex_default]
Compiling architecture behavioral of entity xil_defaultlib.oled_ctrl [oled_ctrl_default]
Compiling architecture behavioral of entity xil_defaultlib.lec11_cu [lec11_cu_default]
Compiling architecture behavior of entity xil_defaultlib.lec11_dp [lec11_dp_default]
Compiling architecture behavior of entity xil_defaultlib.lec11 [lec11_default]
Compiling architecture behavioral of entity xil_defaultlib.keyboard_demo
Built simulation snapshot Keyboard_Demo_behav
run_program: Time (s): cpu = 00:00:00 ; elapsed = 00:00:09 . Memory (MB): peak = 1181.523 ; gain = 0.000
INFO: [USF-XSim-69] 'elaborate' step finished in '9' seconds
INFO: [USF-XSim-4] XSim::Simulate design
INFO: [USF-XSim-61] Executing 'SIMULATE' step in 'C:/Users/C27Jayden.Randolph/ece383_wksp/Keyboard_Demo/Keyboard_Demo.sim/sim_1/behav/xsim'
INFO: [USF-XSim-98] *** Running xsim
   with args "Keyboard_Demo_behav -key {Behavioral:sim_1:Functional:Keyboard_Demo} -tclbatch {Keyboard_Demo.tcl} -log {simulate.log}"
INFO: [USF-XSim-8] Loading simulator feature
Time resolution is 1 ps
source Keyboard_Demo.tcl
# set curr_wave [current_wave_config]
# if { [string length $curr_wave] == 0 } {
#   if { [llength [get_objects]] > 0} {
#     add_wave /
#     set_property needs_save false [current_wave_config]
#   } else {
#      send_msg_id Add_Wave-1 WARNING "No top level signals found. Simulator will start without a wave window. If you want to open a wave window go to 'File->New Waveform Configuration' or type 'create_wave_config' in the TCL console."
#   }
# }
# run 1000ns
xsim: Time (s): cpu = 00:00:03 ; elapsed = 00:00:07 . Memory (MB): peak = 1181.523 ; gain = 0.000
INFO: [USF-XSim-96] XSim completed. Design snapshot 'Keyboard_Demo_behav' loaded.
INFO: [USF-XSim-97] XSim simulation ran for 1000ns
launch_simulation: Time (s): cpu = 00:00:04 ; elapsed = 00:00:21 . Memory (MB): peak = 1181.523 ; gain = 0.000
run all
run all
run 50 ms
run all
run 50 ms
close_sim
INFO: [Simtcl 6-16] Simulation closed
launch_simulation
Command: launch_simulation 
INFO: [Vivado 12-12493] Simulation top is 'Keyboard_Demo'
WARNING: [Vivado 12-13340] Unable to auto find GCC executables from simulator install path! (path not set)
INFO: [Vivado 12-5682] Launching behavioral simulation in 'C:/Users/C27Jayden.Randolph/ece383_wksp/Keyboard_Demo/Keyboard_Demo.sim/sim_1/behav/xsim'
INFO: [SIM-utils-51] Simulation object is 'sim_1'
INFO: [SIM-utils-72] Using boost library from 'C:/Xilinx/Vivado/2024.2/tps/boost_1_72_0'
INFO: [SIM-utils-54] Inspecting design source files for 'Keyboard_Demo' in fileset 'sim_1'...
INFO: [USF-XSim-97] Finding global include files...
INFO: [USF-XSim-98] Fetching design files from 'sim_1'...
INFO: [USF-XSim-2] XSim::Compile design
INFO: [USF-XSim-61] Executing 'COMPILE and ANALYZE' step in 'C:/Users/C27Jayden.Randolph/ece383_wksp/Keyboard_Demo/Keyboard_Demo.sim/sim_1/behav/xsim'
"xvhdl --incr --relax -prj Keyboard_Demo_vhdl.prj"
INFO: [USF-XSim-69] 'compile' step finished in '3' seconds
INFO: [USF-XSim-3] XSim::Elaborate design
INFO: [USF-XSim-61] Executing 'ELABORATE' step in 'C:/Users/C27Jayden.Randolph/ece383_wksp/Keyboard_Demo/Keyboard_Demo.sim/sim_1/behav/xsim'
"xelab --incr --debug typical --relax --mt 2 -L xil_defaultlib -L secureip --snapshot Keyboard_Demo_behav xil_defaultlib.Keyboard_Demo -log elaborate.log"
Vivado Simulator v2024.2.0
Copyright 1986-2022 Xilinx, Inc. All Rights Reserved.
Copyright 2022-2024 Advanced Micro Devices, Inc. All Rights Reserved.
Running: C:/Xilinx/Vivado/2024.2/bin/unwrapped/win64.o/xelab.exe --incr --debug typical --relax --mt 2 -L xil_defaultlib -L secureip --snapshot Keyboard_Demo_behav xil_defaultlib.Keyboard_Demo -log elaborate.log 
Using 2 slave threads.
Starting static elaboration
Completed static elaboration
INFO: [XSIM 43-4323] No Change in HDL. Linking previously generated obj files to create kernel
INFO: [USF-XSim-69] 'elaborate' step finished in '4' seconds
INFO: [USF-XSim-4] XSim::Simulate design
INFO: [USF-XSim-61] Executing 'SIMULATE' step in 'C:/Users/C27Jayden.Randolph/ece383_wksp/Keyboard_Demo/Keyboard_Demo.sim/sim_1/behav/xsim'
INFO: [USF-XSim-98] *** Running xsim
   with args "Keyboard_Demo_behav -key {Behavioral:sim_1:Functional:Keyboard_Demo} -tclbatch {Keyboard_Demo.tcl} -log {simulate.log}"
INFO: [USF-XSim-8] Loading simulator feature
Time resolution is 1 ps
source Keyboard_Demo.tcl
# set curr_wave [current_wave_config]
# if { [string length $curr_wave] == 0 } {
#   if { [llength [get_objects]] > 0} {
#     add_wave /
#     set_property needs_save false [current_wave_config]
#   } else {
#      send_msg_id Add_Wave-1 WARNING "No top level signals found. Simulator will start without a wave window. If you want to open a wave window go to 'File->New Waveform Configuration' or type 'create_wave_config' in the TCL console."
#   }
# }
# run 1000ns
INFO: [USF-XSim-96] XSim completed. Design snapshot 'Keyboard_Demo_behav' loaded.
INFO: [USF-XSim-97] XSim simulation ran for 1000ns
launch_simulation: Time (s): cpu = 00:00:02 ; elapsed = 00:00:11 . Memory (MB): peak = 1199.969 ; gain = 0.000
close_sim
INFO: [Simtcl 6-16] Simulation closed
exit
INFO: [Common 17-206] Exiting Vivado at Wed Feb 11 06:18:39 2026...
