#-----------------------------------------------------------
# Vivado v2024.2 (64-bit)
# SW Build 5239630 on Fri Nov 08 22:35:27 MST 2024
# IP Build 5239520 on Sun Nov 10 16:12:51 MST 2024
# SharedData Build 5239561 on Fri Nov 08 14:39:27 MST 2024
# Start of session at: Wed Feb 11 07:38:14 2026
# Process ID         : 26928
# Current directory  : C:/Users/C27Jayden.Randolph/ece383_wksp/Keyboard_Demo
# Command line       : vivado.exe -gui_launcher_event rodinguilauncherevent7316 C:\Users\C27Jayden.Randolph\ece383_wksp\Keyboard_Demo\Keyboard_Demo.xpr
# Log file           : C:/Users/C27Jayden.Randolph/ece383_wksp/Keyboard_Demo/vivado.log
# Journal file       : C:/Users/C27Jayden.Randolph/ece383_wksp/Keyboard_Demo\vivado.jou
# Running On         : C27-5CG3121FS7
# Platform           : Windows Server 2016 or Windows 10
# Operating System   : 22631
# Processor Detail   : AMD Ryzen 7 PRO 6850U with Radeon Graphics     
# CPU Frequency      : 2695 MHz
# CPU Physical cores : 8
# CPU Logical cores  : 16
# Host memory        : 16442 MB
# Swap memory        : 16642 MB
# Total Virtual      : 33085 MB
# Available Virtual  : 9086 MB
#-----------------------------------------------------------
start_gui
open_project C:/Users/C27Jayden.Randolph/ece383_wksp/Keyboard_Demo/Keyboard_Demo.xpr
INFO: [filemgmt 56-3] Default IP Output Path : Could not find the directory 'C:/Users/C27Jayden.Randolph/ece383_wksp/Keyboard_Demo/Keyboard_Demo.gen/sources_1'.
CRITICAL WARNING: [Project 1-19] Could not find the file 'C:/Users/C27Jayden.Randolph/ece383_wksp/Keyboard_Demo/Keyboard_Demo.srcs/sources_1/imports/Downloads/lec11_cu.vhd'.
Scanning sources...
Finished scanning sources
INFO: [IP_Flow 19-234] Refreshing IP repositories
INFO: [IP_Flow 19-1704] No user IP repositories specified
INFO: [IP_Flow 19-2313] Loaded Vivado IP repository 'C:/Xilinx/Vivado/2024.2/data/ip'.
open_project: Time (s): cpu = 00:00:05 ; elapsed = 00:00:08 . Memory (MB): peak = 1117.105 ; gain = 74.410
update_compile_order -fileset sources_1
reset_run synth_1
INFO: [Project 1-1161] Replacing file C:/Users/C27Jayden.Randolph/ece383_wksp/Keyboard_Demo/Keyboard_Demo.srcs/utils_1/imports/synth_1/Keyboard_Demo.dcp with file C:/Users/C27Jayden.Randolph/ece383_wksp/Keyboard_Demo/Keyboard_Demo.runs/synth_1/Keyboard_Demo.dcp
launch_runs impl_1 -to_step write_bitstream -jobs 8
[Wed Feb 11 07:39:55 2026] Launched synth_1...
Run output will be captured here: C:/Users/C27Jayden.Randolph/ece383_wksp/Keyboard_Demo/Keyboard_Demo.runs/synth_1/runme.log
[Wed Feb 11 07:39:55 2026] Launched impl_1...
Run output will be captured here: C:/Users/C27Jayden.Randolph/ece383_wksp/Keyboard_Demo/Keyboard_Demo.runs/impl_1/runme.log
open_hw_manager
connect_hw_server -allow_non_jtag
INFO: [Labtools 27-2285] Connecting to hw_server url TCP:localhost:3121
INFO: [Labtools 27-2222] Launching hw_server...
INFO: [Labtools 27-2221] Launch Output:

****** Xilinx hw_server v2024.2
  **** Build date : Oct 29 2024 at 10:25:41
    ** Copyright 1986-2022 Xilinx, Inc. All Rights Reserved.


INFO: [Labtools 27-3415] Connecting to cs_server url TCP:localhost:0
INFO: [Labtools 27-3417] Launching cs_server...
INFO: [Labtools 27-2221] Launch Output:


******** Xilinx cs_server v2024.2.0
  ****** Build date   : Oct 30 2024-12:19:07
    **** Build number : 2024.2.1730312347
      ** Copyright 2017-2022 Xilinx, Inc. All Rights Reserved.
      ** Copyright 2022-2026 Advanced Micro Devices, Inc. All Rights Reserved.



connect_hw_server: Time (s): cpu = 00:00:01 ; elapsed = 00:00:18 . Memory (MB): peak = 1167.535 ; gain = 20.180
open_hw_target
INFO: [Labtoolstcl 44-466] Opening hw_target localhost:3121/xilinx_tcf/Digilent/210276B7D0EDB
current_hw_device [get_hw_devices xc7a200t_0]
refresh_hw_device -update_hw_probes false [lindex [get_hw_devices xc7a200t_0] 0]
INFO: [Labtools 27-1434] Device xc7a200t (JTAG device index = 0) is programmed with a design that has no supported debug core(s) in it.
set_property PROBES.FILE {} [get_hw_devices xc7a200t_0]
set_property FULL_PROBES.FILE {} [get_hw_devices xc7a200t_0]
set_property PROGRAM.FILE {C:/Users/C27Jayden.Randolph/ece383_wksp/Keyboard_Demo/Keyboard_Demo.runs/impl_1/Keyboard_Demo.bit} [get_hw_devices xc7a200t_0]
program_hw_devices [get_hw_devices xc7a200t_0]
INFO: [Labtools 27-3164] End of startup status: HIGH
program_hw_devices: Time (s): cpu = 00:00:04 ; elapsed = 00:00:06 . Memory (MB): peak = 1201.234 ; gain = 0.000
refresh_hw_device [lindex [get_hw_devices xc7a200t_0] 0]
INFO: [Labtools 27-1434] Device xc7a200t (JTAG device index = 0) is programmed with a design that has no supported debug core(s) in it.
ERROR: [Labtoolstcl 44-513] HW Target shutdown. Closing target: localhost:3121/xilinx_tcf/Digilent/210276B7D0EDB
exit
INFO: [Common 17-206] Exiting Vivado at Wed Feb 11 07:48:46 2026...
