02:53:08 DEBUG : Logs will be stored at 'C:/Users/C27Jayden.Randolph/ece383_wksp/IDE.log'.
02:53:23 INFO  : Launching XSCT server: xsct.bat -n  -interactive C:\Users\C27Jayden.Randolph\ece383_wksp\temp_xsdb_launch_script.tcl
02:53:23 INFO  : Registering command handlers for Vitis TCF services
02:53:23 INFO  : Platform repository initialization has completed.
02:53:29 INFO  : XSCT server has started successfully.
02:53:43 INFO  : plnx-install-location is set to ''
02:53:43 INFO  : Successfully done setting XSCT server connection channel  
02:53:43 INFO  : Successfully done query RDI_DATADIR 
02:53:43 INFO  : Successfully done setting workspace for the tool. 
02:55:09 INFO  : Result from executing command 'getProjects': design_1_wrapper_1
02:55:09 INFO  : Result from executing command 'getPlatforms': 
02:55:09 WARN  : An unexpected exception occurred in the module 'platform project logging'
02:55:09 INFO  : Platform 'design_1_wrapper_1' is added to custom repositories.
02:55:13 INFO  : Platform 'design_1_wrapper_1' is added to custom repositories.
07:41:30 DEBUG : Logs will be stored at 'C:/Users/C27Jayden.Randolph/ece383_wksp/IDE.log'.
07:41:32 INFO  : Launching XSCT server: xsct.bat -n  -interactive C:\Users\C27Jayden.Randolph\ece383_wksp\temp_xsdb_launch_script.tcl
07:41:49 INFO  : Registering command handlers for Vitis TCF services
07:41:49 INFO  : Platform repository initialization has completed.
07:41:51 INFO  : XSCT server has started successfully.
07:41:51 INFO  : plnx-install-location is set to ''
07:42:12 INFO  : Successfully done setting XSCT server connection channel  
07:42:12 INFO  : Successfully done query RDI_DATADIR 
07:42:12 INFO  : Successfully done setting workspace for the tool. 
07:43:58 INFO  : Result from executing command 'getProjects': design_1_wrapper_1
07:43:58 INFO  : Result from executing command 'getPlatforms': design_1_wrapper_1|C:/Users/C27Jayden.Randolph/ece383_wksp/design_1_wrapper_1/export/design_1_wrapper_1/design_1_wrapper_1.xpfm
07:43:59 INFO  : Checking for BSP changes to sync application flags for project 'ublaze1_real'...
07:45:19 INFO  : Connected to target on host '127.0.0.1' and port '3121'.
07:45:24 INFO  : Jtag cable 'Digilent Nexys Video 210276B26164B' is selected.
07:45:24 INFO  : 'jtag frequency' command is executed.
07:45:25 INFO  : 'targets -set -filter {jtag_cable_name =~ "Digilent Nexys Video 210276B26164B" && level==0 && jtag_device_ctx=="jsn-Nexys Video-210276B26164B-13636093-0"}' command is executed.
07:45:31 INFO  : Device configured successfully with "C:/Users/C27Jayden.Randolph/ece383_wksp/ublaze1_real/_ide/bitstream/design_1_wrapper.bit"
07:45:31 INFO  : Context for processor 'microblaze_0' is selected.
07:45:32 INFO  : Hardware design and registers information is loaded from 'C:/Users/C27Jayden.Randolph/ece383_wksp/design_1_wrapper_1/export/design_1_wrapper_1/hw/design_1_wrapper.xsa'.
07:45:32 INFO  : 'configparams mdm-detect-bscan-mask 2' command is executed.
07:45:32 INFO  : Context for processor 'microblaze_0' is selected.
07:45:32 INFO  : System reset is completed.
07:45:35 INFO  : 'after 3000' command is executed.
07:45:35 INFO  : Context for processor 'microblaze_0' is selected.
07:45:35 INFO  : The application 'C:/Users/C27Jayden.Randolph/ece383_wksp/ublaze1_real/Debug/ublaze1_real.elf' is downloaded to processor 'microblaze_0'.
07:45:35 INFO  : ----------------XSDB Script----------------
connect -url tcp:127.0.0.1:3121
targets -set -filter {jtag_cable_name =~ "Digilent Nexys Video 210276B26164B" && level==0 && jtag_device_ctx=="jsn-Nexys Video-210276B26164B-13636093-0"}
fpga -file C:/Users/C27Jayden.Randolph/ece383_wksp/ublaze1_real/_ide/bitstream/design_1_wrapper.bit
targets -set -nocase -filter {name =~ "*microblaze*#0" && bscan=="USER2" }
loadhw -hw C:/Users/C27Jayden.Randolph/ece383_wksp/design_1_wrapper_1/export/design_1_wrapper_1/hw/design_1_wrapper.xsa -regs
configparams mdm-detect-bscan-mask 2
targets -set -nocase -filter {name =~ "*microblaze*#0" && bscan=="USER2" }
rst -system
after 3000
targets -set -nocase -filter {name =~ "*microblaze*#0" && bscan=="USER2" }
dow C:/Users/C27Jayden.Randolph/ece383_wksp/ublaze1_real/Debug/ublaze1_real.elf
----------------End of Script----------------

07:45:35 INFO  : Context for processor 'microblaze_0' is selected.
07:45:35 INFO  : 'con' command is executed.
07:45:35 INFO  : ----------------XSDB Script (After Launch)----------------
targets -set -nocase -filter {name =~ "*microblaze*#0" && bscan=="USER2" }
con
----------------End of Script----------------

07:45:35 INFO  : Launch script is exported to file 'C:\Users\C27Jayden.Randolph\ece383_wksp\ublaze1_real_system\_ide\scripts\debugger_ublaze1_real-default.tcl'
07:48:57 DEBUG : Logs will be stored at 'C:/Users/C27Jayden.Randolph/ece383_wksp/IDE.log'.
07:48:59 INFO  : Launching XSCT server: xsct.bat -n  -interactive C:\Users\C27Jayden.Randolph\ece383_wksp\temp_xsdb_launch_script.tcl
07:49:12 INFO  : Platform repository initialization has completed.
07:49:12 INFO  : Registering command handlers for Vitis TCF services
07:49:16 INFO  : XSCT server has started successfully.
07:49:16 INFO  : plnx-install-location is set to ''
07:49:29 INFO  : Successfully done setting XSCT server connection channel  
07:49:29 INFO  : Successfully done query RDI_DATADIR 
07:49:29 INFO  : Successfully done setting workspace for the tool. 
07:51:51 INFO  : Result from executing command 'getProjects': design_1_wrapper_1
07:51:51 INFO  : Result from executing command 'getPlatforms': design_1_wrapper_1|C:/Users/C27Jayden.Randolph/ece383_wksp/design_1_wrapper_1/export/design_1_wrapper_1/design_1_wrapper_1.xpfm
07:51:51 INFO  : Checking for BSP changes to sync application flags for project 'ublaze1_real'...
07:53:07 INFO  : Connected to target on host '127.0.0.1' and port '3121'.
07:53:09 INFO  : Jtag cable 'Digilent Nexys Video 210276B26164B' is selected.
07:53:09 INFO  : 'jtag frequency' command is executed.
07:53:09 INFO  : 'targets -set -filter {jtag_cable_name =~ "Digilent Nexys Video 210276B26164B" && level==0 && jtag_device_ctx=="jsn-Nexys Video-210276B26164B-13636093-0"}' command is executed.
07:53:15 INFO  : Device configured successfully with "C:/Users/C27Jayden.Randolph/ece383_wksp/ublaze1_real/_ide/bitstream/design_1_wrapper.bit"
07:53:15 INFO  : Context for processor 'microblaze_0' is selected.
07:53:15 INFO  : Hardware design and registers information is loaded from 'C:/Users/C27Jayden.Randolph/ece383_wksp/design_1_wrapper_1/export/design_1_wrapper_1/hw/design_1_wrapper.xsa'.
07:53:15 INFO  : 'configparams mdm-detect-bscan-mask 2' command is executed.
07:53:15 INFO  : Context for processor 'microblaze_0' is selected.
07:53:15 INFO  : System reset is completed.
07:53:18 INFO  : 'after 3000' command is executed.
07:53:18 INFO  : Context for processor 'microblaze_0' is selected.
07:53:18 INFO  : The application 'C:/Users/C27Jayden.Randolph/ece383_wksp/ublaze1_real/Debug/ublaze1_real.elf' is downloaded to processor 'microblaze_0'.
07:53:18 INFO  : ----------------XSDB Script----------------
connect -url tcp:127.0.0.1:3121
targets -set -filter {jtag_cable_name =~ "Digilent Nexys Video 210276B26164B" && level==0 && jtag_device_ctx=="jsn-Nexys Video-210276B26164B-13636093-0"}
fpga -file C:/Users/C27Jayden.Randolph/ece383_wksp/ublaze1_real/_ide/bitstream/design_1_wrapper.bit
targets -set -nocase -filter {name =~ "*microblaze*#0" && bscan=="USER2" }
loadhw -hw C:/Users/C27Jayden.Randolph/ece383_wksp/design_1_wrapper_1/export/design_1_wrapper_1/hw/design_1_wrapper.xsa -regs
configparams mdm-detect-bscan-mask 2
targets -set -nocase -filter {name =~ "*microblaze*#0" && bscan=="USER2" }
rst -system
after 3000
targets -set -nocase -filter {name =~ "*microblaze*#0" && bscan=="USER2" }
dow C:/Users/C27Jayden.Randolph/ece383_wksp/ublaze1_real/Debug/ublaze1_real.elf
----------------End of Script----------------

07:53:19 INFO  : Context for processor 'microblaze_0' is selected.
07:53:19 INFO  : 'con' command is executed.
07:53:19 INFO  : ----------------XSDB Script (After Launch)----------------
targets -set -nocase -filter {name =~ "*microblaze*#0" && bscan=="USER2" }
con
----------------End of Script----------------

07:53:19 INFO  : Launch script is exported to file 'C:\Users\C27Jayden.Randolph\ece383_wksp\ublaze1_real_system\_ide\scripts\debugger_ublaze1_real-default.tcl'
08:00:17 INFO  : Disconnected from the channel tcfchan#2.
