#-----------------------------------------------------------
# Vivado v2024.2 (64-bit)
# SW Build 5239630 on Fri Nov 08 22:35:27 MST 2024
# IP Build 5239520 on Sun Nov 10 16:12:51 MST 2024
# SharedData Build 5239561 on Fri Nov 08 14:39:27 MST 2024
# Start of session at: Wed Mar 18 07:54:32 2026
# Process ID         : 100144
# Current directory  : C:/Users/C27Jayden.Randolph/ece383_wksp/lab3/lab3
# Command line       : vivado.exe -gui_launcher_event rodinguilauncherevent87368 C:\Users\C27Jayden.Randolph\ece383_wksp\lab3\lab3\lab3.xpr
# Log file           : C:/Users/C27Jayden.Randolph/ece383_wksp/lab3/lab3/vivado.log
# Journal file       : C:/Users/C27Jayden.Randolph/ece383_wksp/lab3/lab3\vivado.jou
# Running On         : C27-5CG3121FS7
# Platform           : Windows Server 2016 or Windows 10
# Operating System   : 22631
# Processor Detail   : AMD Ryzen 7 PRO 6850U with Radeon Graphics     
# CPU Frequency      : 2695 MHz
# CPU Physical cores : 8
# CPU Logical cores  : 16
# Host memory        : 16442 MB
# Swap memory        : 17179 MB
# Total Virtual      : 33622 MB
# Available Virtual  : 10321 MB
#-----------------------------------------------------------
start_gui
open_project C:/Users/C27Jayden.Randolph/ece383_wksp/lab3/lab3/lab3.xpr
INFO: [Project 1-313] Project file moved from 'C:/Users/jakem/ece383_wksp/lab3/lab3' since last save.
Scanning sources...
Finished scanning sources
INFO: [IP_Flow 19-234] Refreshing IP repositories
INFO: [IP_Flow 19-1700] Loaded user IP repository 'c:/Users/C27Jayden.Randolph/ece383_wksp/lab3/ip_repo/My_Lab2_1_0'.
INFO: [IP_Flow 19-2313] Loaded Vivado IP repository 'C:/Xilinx/Vivado/2024.2/data/ip'.
INFO: [Project 1-5579] Found utility IPs instantiated in one or more block designs which have equivalent inline hdl with improved performance and reduced diskspace. It is recommended to migrate these utility IPs to inline hdl using the command upgrade_project -migrate_to_inline_hdl. The utility IPs may be deprecated in future releases. More information on inline hdl is available in UG994.
open_project: Time (s): cpu = 00:00:12 ; elapsed = 00:00:34 . Memory (MB): peak = 1241.539 ; gain = 183.691
update_compile_order -fileset sources_1
reset_run synth_1
INFO: [Project 1-1161] Replacing file C:/Users/C27Jayden.Randolph/ece383_wksp/lab3/lab3/lab3.srcs/utils_1/imports/synth_1/design_1_wrapper.dcp with file C:/Users/C27Jayden.Randolph/ece383_wksp/lab3/lab3/lab3.runs/synth_1/design_1_wrapper.dcp
launch_runs impl_1 -to_step write_bitstream -jobs 16
[Wed Mar 18 07:58:19 2026] Launched synth_1...
Run output will be captured here: C:/Users/C27Jayden.Randolph/ece383_wksp/lab3/lab3/lab3.runs/synth_1/runme.log
[Wed Mar 18 07:58:21 2026] Launched impl_1...
Run output will be captured here: C:/Users/C27Jayden.Randolph/ece383_wksp/lab3/lab3/lab3.runs/impl_1/runme.log
exit
INFO: [Common 17-206] Exiting Vivado at Wed Mar 18 09:40:57 2026...
