Copyright 1986-2022 Xilinx, Inc. All Rights Reserved. Copyright 2022-2024 Advanced Micro Devices, Inc. All Rights Reserved.
---------------------------------------------------------------------------------------------------------------------------------------------
| Tool Version : Vivado v.2024.2 (win64) Build 5239630 Fri Nov 08 22:35:27 MST 2024
| Date         : Sat Jan 31 22:47:46 2026
| Host         : C27-5CG3121FS7 running 64-bit major release  (build 9200)
| Command      : report_control_sets -verbose -file lab1_control_sets_placed.rpt
| Design       : lab1
| Device       : xc7a200t
---------------------------------------------------------------------------------------------------------------------------------------------

Control Set Information

Table of Contents
-----------------
1. Summary
2. Histogram
3. Flip-Flop Distribution
4. Detailed Control Set Information

1. Summary
----------

+----------------------------------------------------------+-------+
|                          Status                          | Count |
+----------------------------------------------------------+-------+
| Total control sets                                       |    20 |
|    Minimum number of control sets                        |    20 |
|    Addition due to synthesis replication                 |     0 |
|    Addition due to physical synthesis replication        |     0 |
| Unused register locations in slices containing registers |    69 |
+----------------------------------------------------------+-------+
* Control sets can be merged at opt_design using control_set_merge or merge_equivalent_drivers
** Run report_qor_suggestions for automated merging and remapping suggestions


2. Histogram
------------

+--------------------+-------+
|       Fanout       | Count |
+--------------------+-------+
| Total control sets |    20 |
| >= 0 to < 4        |     4 |
| >= 4 to < 6        |     4 |
| >= 6 to < 8        |     4 |
| >= 8 to < 10       |     1 |
| >= 10 to < 12      |     0 |
| >= 12 to < 14      |     0 |
| >= 14 to < 16      |     0 |
| >= 16              |     7 |
+--------------------+-------+
* Control sets can be remapped at either synth_design or opt_design


3. Flip-Flop Distribution
-------------------------

+--------------+-----------------------+------------------------+-----------------+--------------+
| Clock Enable | Synchronous Set/Reset | Asynchronous Set/Reset | Total Registers | Total Slices |
+--------------+-----------------------+------------------------+-----------------+--------------+
| No           | No                    | No                     |              71 |           29 |
| No           | No                    | Yes                    |               0 |            0 |
| No           | Yes                   | No                     |             111 |           34 |
| Yes          | No                    | No                     |               9 |            6 |
| Yes          | No                    | Yes                    |               0 |            0 |
| Yes          | Yes                   | No                     |              28 |           13 |
+--------------+-----------------------+------------------------+-----------------+--------------+


4. Detailed Control Set Information
-----------------------------------

+----------------------------------------------------+------------------------------------------------------------------------------+----------------------------------------------------------------------------+------------------+----------------+--------------+
|                    Clock Signal                    |                                 Enable Signal                                |                              Set/Reset Signal                              | Slice Load Count | Bel Load Count | Bels / Slice |
+----------------------------------------------------+------------------------------------------------------------------------------+----------------------------------------------------------------------------+------------------+----------------+--------------+
|  clk_IBUF_BUFG                                     | trigger_v_stepper/debouncer_down/current_state_i_1__2_n_0                    | trigger_t_stepper/debouncer_up/reset_n                                     |                1 |              1 |         1.00 |
|  clk_IBUF_BUFG                                     | trigger_t_stepper/debouncer_down/current_state_i_1__0_n_0                    | trigger_t_stepper/debouncer_up/reset_n                                     |                1 |              1 |         1.00 |
|  clk_IBUF_BUFG                                     | trigger_t_stepper/debouncer_up/current_state_i_2_n_0                         | trigger_t_stepper/debouncer_up/reset_n                                     |                1 |              1 |         1.00 |
|  clk_IBUF_BUFG                                     | trigger_v_stepper/debouncer_up/current_state_i_1__1_n_0                      | trigger_t_stepper/debouncer_up/reset_n                                     |                1 |              1 |         1.00 |
|  clk_IBUF_BUFG                                     | trigger_v_stepper/debouncer_down/prev_down_reg                               | trigger_t_stepper/debouncer_up/reset_n                                     |                2 |              4 |         2.00 |
|  clk_IBUF_BUFG                                     | trigger_t_stepper/debouncer_down/prev_down_reg                               |                                                                            |                3 |              4 |         1.33 |
|  clk_IBUF_BUFG                                     | trigger_v_stepper/debouncer_down/prev_down_reg                               |                                                                            |                3 |              5 |         1.67 |
|  video1/mmcm_adv_inst_display_clocks/inst/clk_out2 |                                                                              | video1/inst_dvid/shift_red[7]_i_1_n_0                                      |                1 |              5 |         5.00 |
|  clk_IBUF_BUFG                                     | trigger_t_stepper/debouncer_down/prev_down_reg                               | trigger_t_stepper/debouncer_up/reset_n                                     |                3 |              6 |         2.00 |
|  video1/mmcm_adv_inst_display_clocks/inst/clk_out2 |                                                                              | video1/inst_dvid/shift_red[9]_i_1_n_0                                      |                3 |              6 |         2.00 |
|  video1/mmcm_adv_inst_display_clocks/inst/clk_out1 | video1/Inst_vga/vga_signal_generator1/horizontal_counter/processQ[9]_i_1_n_0 | trigger_t_stepper/debouncer_up/reset_n                                     |                2 |              7 |         3.50 |
|  video1/mmcm_adv_inst_display_clocks/inst/clk_out1 | video1/Inst_vga/vga_signal_generator1/vertical_counter/processQ11_out        | video1/Inst_vga/vga_signal_generator1/vertical_counter/processQ[8]_i_1_n_0 |                2 |              7 |         3.50 |
|  clk_IBUF_BUFG                                     |                                                                              |                                                                            |                7 |              8 |         1.14 |
|  video1/mmcm_adv_inst_display_clocks/inst/clk_out1 |                                                                              | video1/Inst_vga/vga_signal_generator1/vga_reg[blank]_0                     |                6 |             16 |         2.67 |
|  clk_IBUF_BUFG                                     |                                                                              | trigger_v_stepper/debouncer_down/counter[0]_i_1__2_n_0                     |                6 |             21 |         3.50 |
|  clk_IBUF_BUFG                                     |                                                                              | trigger_t_stepper/debouncer_down/counter[0]_i_1__0_n_0                     |                6 |             21 |         3.50 |
|  clk_IBUF_BUFG                                     |                                                                              | trigger_t_stepper/debouncer_up/counter[0]_i_1_n_0                          |                6 |             21 |         3.50 |
|  clk_IBUF_BUFG                                     |                                                                              | trigger_v_stepper/debouncer_up/counter[0]_i_1__1_n_0                       |                6 |             21 |         3.50 |
|  video1/mmcm_adv_inst_display_clocks/inst/clk_out2 |                                                                              |                                                                            |                7 |             29 |         4.14 |
|  video1/mmcm_adv_inst_display_clocks/inst/clk_out1 |                                                                              |                                                                            |               15 |             34 |         2.27 |
+----------------------------------------------------+------------------------------------------------------------------------------+----------------------------------------------------------------------------+------------------+----------------+--------------+


