reg__2: 
case__91: 
muxpart__60: 
logic__23: 
case__108: 
case__40: 
unimacro_BRAM_SDP_MACRO__parameterized1: 
reg__99: 
datapath__62: 
logic__119: 
logic__223: 
case__156: 
logic__486: 
logic__495: 
datapath__19: 
rom: 
logic__492: 
oled_ex: 
datapath__11: 
logic__210: 
reg__95: 
logic__163: 
logic__141: 
muxpart__49: 
unimacro_BRAM_SDP_MACRO__parameterized0: 
logic__534: 
muxpart__11: 
logic__334: 
reg__75: 
case__145: 
case__121: 
datapath__21: 
logic__118: 
logic__135: 
case__31: 
logic__388: 
logic__133: 
logic__374: 
logic__173: 
logic__319: 
logic__312: 
logic__98: 
logic__480: 
case__59: 
case__149: 
logic__113: 
muxpart__1: 
case__69: 
logic__420: 
reg__16: 
reg__109: 
datapath__65: 
logic__14: 
case__63: 
lab2_datapath: 
datapath__29: 
case__22: 
muxpart__12: 
datapath__10: 
case__44: 
reg__98: 
reg__65: 
case__55: 
reg__40: 
case__179: 
muxpart__56: 
reg__120: 
case__54: 
datapath__4: 
logic__142: 
muxpart__4: 
logic__120: 
datapath__32: 
datapath__1: 
datapath__23: 
case__129: 
case__176: 
logic__97: 
muxpart__8: 
TDMS_encoder: 
case__46: 
reg__104: 
logic__140: 
muxpart__5: 
logic__123: 
case__75: 
logic__198: 
logic__310: 
datapath__18: 
datapath__30: 
muxpart__18: 
logic__94: 
logic__417: 
rom__3: 
logic__528: 
case__105: 
muxpart__7: 
case__193: 
logic__351: 
datapath__12: 
reg__15: 
case__161: 
case__36: 
reg__111: 
case__77: 
logic__358: 
Audio_Codec_Wrapper: 
datapath__14: 
logic__391: 
case__24: 
case__103: 
case__6: 
datapath__42: 
datapath__59: 
case__126: 
reg__33: 
logic__34: 
ascii_rom: 
reg__90: 
logic__242: 
reg__91: 
case__138: 
reg__119: 
audio_init: 
reg__57: 
counter__6: 
muxpart__17: 
case__178: 
datapath__7: 
case__52: 
logic__400: 
datapath: 
keep: 
case__42: 
reg__118: 
logic: 
reg__110: 
case__58: 
case__61: 
datapath__39: 
case__151: 
case__154: 
logic__521: 
case: 
logic__101: 
reg__17: 
datapath__5: 
logic__347: 
logic__122: 
case__123: 
logic__370: 
case__89: 
logic__19: 
logic__127: 
logic__308: 
case__72: 
logic__128: 
reg__103: 
case__8: 
reg__93: 
logic__346: 
reg__105: 
datapath__51: 
reg__1: 
datapath__38: 
logic__131: 
logic__303: 
reg__84: 
logic__520: 
case__62: 
case__155: 
logic__126: 
logic__75: 
logic__365: 
logic__257: 
keep__4: 
muxpart__65: 
datapath__48: 
case__66: 
datapath__35: 
muxpart: 
logic__11: 
reg: 
unimacro_BRAM_SDP_MACRO__parameterized2: 
datapath__57: 
case__144: 
reg__117: 
logic__248: 
reg__31: 
reg__121: 
muxpart__58: 
datapath__50: 
Lab2_OLED: 
numeric_stepper: 
muxpart__2: 
logic__149: 
logic__95: 
case__71: 
counter__5: 
muxpart__20: 
case__150: 
logic__538: 
logic__301: 
datapath__31: 
logic__320: 
lab2_fsm: 
logic__199: 
reg__62: 
reg__35: 
dvid: 
logic__99: 
case__32: 
case__166: 
datapath__58: 
logic__80: 
reg__96: 
logic__256: 
logic__318: 
reg__55: 
logic__307: 
case__57: 
case__174: 
keep__3: 
reg__81: 
logic__496: 
reg__88: 
reg__10: 
logic__83: 
case__21: 
muxpart__55: 
logic__20: 
case__198: 
oled_init: 
logic__225: 
reg__36: 
logic__44: 
reg__21: 
reg__69: 
reg__100: 
logic__251: 
case__79: 
vga: 
case__73: 
reg__23: 
logic__311: 
logic__100: 
counter__3: 
reg__28: 
TWICtl: 
logic__207: 
reg__61: 
datapath__69: 
case__106: 
case__56: 
logic__232: 
logic__66: 
counter__1: 
case__34: 
reg__19: 
numeric_stepper__parameterized1: 
extrom: 
datapath__34: 
rom__1: 
logic__72: 
case__147: 
reg__56: 
reg__122: 
logic__138: 
case__127: 
logic__4: 
logic__51: 
logic__17: 
case__2: 
logic__326: 
logic__332: 
logic__465: 
logic__548: 
reg__13: 
muxpart__10: 
logic__162: 
reg__79: 
case__60: 
case__170: 
reg__27: 
logic__37: 
case__76: 
logic__130: 
logic__344: 
logic__236: 
case__197: 
logic__237: 
logic__324: 
reg__25: 
reg__18: 
trigger_detector: 
case__83: 
datapath__2: 
reg__37: 
case__148: 
reg__102: 
rom__2: 
reg__38: 
muxpart__67: 
debouncer: 
logic__96: 
unimacro_BRAM_SDP_MACRO: 
logic__424: 
logic__247: 
reg__58: 
datapath__6: 
case__192: 
reg__123: 
logic__179: 
reg__32: 
logic__321: 
logic__510: 
logic__345: 
logic__497: 
case__17: 
reg__78: 
case__84: 
case__38: 
logic__30: 
reg__46: 
logic__323: 
reg__48: 
case__39: 
case__172: 
logic__79: 
keep__5: 
logic__134: 
counter__parameterized0: 
logic__494: 
reg__97: 
logic__498: 
case__10: 
reg__4: 
muxpart__15: 
case__160: 
counter__8: 
reg__87: 
logic__509: 
counter__7: 
logic__508: 
logic__522: 
reg__73: 
case__3: 
logic__170: 
color_mapper: 
rom__5: 
logic__218: 
logic__305: 
datapath__17: 
logic__337: 
case__43: 
logic__285: 
case__102: 
counter__parameterized1: 
datapath__68: 
reg__41: 
logic__235: 
case__107: 
reg__22: 
reg__3: 
logic__228: 
reg__11: 
case__16: 
reg__53: 
datapath__36: 
logic__333: 
i2s_ctl: 
case__78: 
case__80: 
datapath__13: 
case__86: 
logic__317: 
logic__18: 
video: 
reg__101: 
counter__4: 
reg__74: 
counter__2: 
logic__491: 
muxpart__13: 
case__157: 
logic__250: 
muxpart__53: 
case__48: 
case__167: 
reg__30: 
delay: 
datapath__67: 
case__68: 
logic__481: 
case__168: 
case__183: 
logic__309: 
reg__14: 
logic__211: 
logic__47: 
datapath__25: 
datapath__22: 
reg__54: 
logic__306: 
logic__415: 
case__15: 
case__163: 
datapath__16: 
logic__463: 
case__70: 
case__82: 
muxpart__3: 
datapath__49: 
case__143: 
datapath__54: 
logic__216: 
case__74: 
case__195: 
logic__341: 
vga_signal_generator: 
logic__302: 
logic__121: 
logic__364: 
datapath__46: 
case__128: 
muxpart__16: 
datapath__60: 
logic__176: 
reg__20: 
datapath__52: 
case__67: 
reg__49: 
datapath__47: 
datapath__33: 
case__30: 
case__23: 
logic__313: 
datapath__20: 
reg__89: 
logic__316: 
spi_ctrl: 
reg__12: 
case__169: 
case__124: 
reg__45: 
reg__116: 
reg__106: 
muxpart__69: 
datapath__63: 
logic__502: 
logic__73: 
reg__52: 
case__152: 
reg__115: 
datapath__40: 
reg__60: 
logic__397: 
muxpart__63: 
muxpart__9: 
case__28: 
muxpart__61: 
datapath__56: 
logic__201: 
keep__1: 
case__47: 
case__12: 
logic__325: 
case__18: 
logic__139: 
reg__68: 
case__175: 
case__171: 
case__104: 
logic__464: 
datapath__27: 
muxpart__14: 
rom__4: 
case__159: 
datapath__70: 
case__7: 
logic__381: 
counter: 
case__35: 
case__85: 
reg__112: 
logic__322: 
reg__6: 
logic__202: 
reg__114: 
datapath__37: 
case__19: 
reg__71: 
logic__224: 
case__5: 
case__11: 
case__27: 
logic__380: 
muxpart__19: 
logic__55: 
logic__482: 
logic__117: 
reg__113: 
logic__129: 
datapath__24: 
datapath__53: 
reg__64: 
reg__44: 
keep__2: 
reg__5: 
muxpart__51: 
case__158: 
case__125: 
reg__29: 
datapath__8: 
case__139: 
datapath__75: 
datapath__45: 
case__37: 
logic__231: 
datapath__3: 
muxpart__25: 
reg__94: 
reg__34: 
muxpart__62: 
muxpart__6: 
logic__124: 
logic__200: 
case__20: 
reg__70: 
lab2: 
logic__74: 
datapath__74: 
logic__132: 
case__50: 
logic__340: 
case__1: 
reg__59: 
logic__125: 
case__88: 
reg__8: 
reg__107: 
muxpart__23: 
logic__386: 
logic__249: 
logic__493: 
logic__1: 
reg__42: 
case__173: 
logic__217: 
logic__394: 
reg__66: 
reg__72: 
case__164: 
case__4: 
case__33: 
case__9: 
reg__43: 
reg__47: 
logic__490: 
reg__26: 
case__51: 
case__165: 
case__146: 
logic__387: 
case__90: 
reg__67: 
reg__7: 
reg__39: 
case__65: 
case__41: 
reg__24: 
datapath__55: 
datapath__43: 
case__45: 
datapath__66: 
logic__530: 
logic__354: 
case__87: 
case__25: 
logic__269: 
logic__255: 
muxpart__22: 
reg__9: 
counter__9: 
reg__50: 
datapath__61: 
logic__513: 
reg__92: 
case__81: 
datapath__64: 
logic__421: 
datapath__71: 
logic__144: 
logic__252: 
datapath__73: 
datapath__41: 
datapath__9: 
logic__78: 
case__29: 
logic__416: 
logic__304: 
reg__63: 
datapath__72: 
datapath__28: 
case__140: 
case__49: 
logic__529: 
logic__33: 
case__26: 
case__14: 
datapath__44: 
datapath__26: 
reg__80: 
reg__51: 
case__53: 
reg__108: 
case__13: 
logic__143: 
