
*** Running vivado
    with args -log Keyboard_Demo.vds -m64 -product Vivado -mode batch -messageDb vivado.pb -notrace -source Keyboard_Demo.tcl



****** Vivado v2024.2 (64-bit)
  **** SW Build 5239630 on Fri Nov 08 22:35:27 MST 2024
  **** IP Build 5239520 on Sun Nov 10 16:12:51 MST 2024
  **** SharedData Build 5239561 on Fri Nov 08 14:39:27 MST 2024
  **** Start of session at: Wed Feb 11 07:40:02 2026
    ** Copyright 1986-2022 Xilinx, Inc. All Rights Reserved.
    ** Copyright 2022-2024 Advanced Micro Devices, Inc. All Rights Reserved.

source Keyboard_Demo.tcl -notrace
Command: read_checkpoint -auto_incremental -incremental C:/Users/C27Jayden.Randolph/ece383_wksp/Keyboard_Demo/Keyboard_Demo.srcs/utils_1/imports/synth_1/Keyboard_Demo.dcp
INFO: [Vivado 12-5825] Read reference checkpoint from C:/Users/C27Jayden.Randolph/ece383_wksp/Keyboard_Demo/Keyboard_Demo.srcs/utils_1/imports/synth_1/Keyboard_Demo.dcp for incremental synthesis
INFO: [Vivado 12-7989] Please ensure there are no constraint changes
Command: synth_design -top Keyboard_Demo -part xc7a200tsbg484-1
Starting synth_design
Attempting to get a license for feature 'Synthesis' and/or device 'xc7a200t'
INFO: [Common 17-349] Got license for feature 'Synthesis' and/or device 'xc7a200t'
WARNING: [Vivado_Tcl 4-1809] The reference checkpoint is from an old version of Vivado; A full resynthesis flow will be run
INFO: [Device 21-403] Loading part xc7a200tsbg484-1
INFO: [Designutils 20-5440] No compile time benefit to using incremental synthesis; A full resynthesis will be run
INFO: [Designutils 20-4379] Flow is switching to default flow due to incremental criteria not met. If you would like to alter this behaviour and have the flow terminate instead, please set the following parameter config_implementation {autoIncr.Synth.RejectBehavior Terminate}
INFO: [Synth 8-7079] Multithreading enabled for synth_design using a maximum of 2 processes.
INFO: [Synth 8-7078] Launching helper process for spawning children vivado processes
INFO: [Synth 8-7075] Helper process launched with PID 42800
---------------------------------------------------------------------------------
Starting RTL Elaboration : Time (s): cpu = 00:00:04 ; elapsed = 00:00:08 . Memory (MB): peak = 1003.871 ; gain = 470.355
---------------------------------------------------------------------------------
INFO: [Synth 8-638] synthesizing module 'Keyboard_Demo' [C:/Users/C27Jayden.Randolph/ece383_wksp/Keyboard_Demo/Keyboard_Demo.srcs/sources_1/new/Keyboard_Demo.vhd:21]
INFO: [Synth 8-3491] module 'oled_ctrl' declared at 'C:/Users/C27Jayden.Randolph/ece383_wksp/Keyboard_Demo/Keyboard_Demo.srcs/sources_1/imports/OLED_example2/oled_ctrl.vhd:20' bound to instance 'oled' of component 'oled_ctrl' [C:/Users/C27Jayden.Randolph/ece383_wksp/Keyboard_Demo/Keyboard_Demo.srcs/sources_1/new/Keyboard_Demo.vhd:52]
INFO: [Synth 8-638] synthesizing module 'oled_ctrl' [C:/Users/C27Jayden.Randolph/ece383_wksp/Keyboard_Demo/Keyboard_Demo.srcs/sources_1/imports/OLED_example2/oled_ctrl.vhd:32]
INFO: [Synth 8-3491] module 'oled_init' declared at 'C:/Users/C27Jayden.Randolph/ece383_wksp/Keyboard_Demo/Keyboard_Demo.srcs/sources_1/imports/OLED_example2/oled_init.vhd:13' bound to instance 'Initialize' of component 'oled_init' [C:/Users/C27Jayden.Randolph/ece383_wksp/Keyboard_Demo/Keyboard_Demo.srcs/sources_1/imports/OLED_example2/oled_ctrl.vhd:78]
INFO: [Synth 8-638] synthesizing module 'oled_init' [C:/Users/C27Jayden.Randolph/ece383_wksp/Keyboard_Demo/Keyboard_Demo.srcs/sources_1/imports/OLED_example2/oled_init.vhd:26]
INFO: [Synth 8-3491] module 'spi_ctrl' declared at 'C:/Users/C27Jayden.Randolph/ece383_wksp/Keyboard_Demo/Keyboard_Demo.srcs/sources_1/imports/OLED_example2/spi_ctrl.vhd:14' bound to instance 'spi_comp' of component 'spi_ctrl' [C:/Users/C27Jayden.Randolph/ece383_wksp/Keyboard_Demo/Keyboard_Demo.srcs/sources_1/imports/OLED_example2/oled_init.vhd:92]
INFO: [Synth 8-638] synthesizing module 'spi_ctrl' [C:/Users/C27Jayden.Randolph/ece383_wksp/Keyboard_Demo/Keyboard_Demo.srcs/sources_1/imports/OLED_example2/spi_ctrl.vhd:24]
INFO: [Synth 8-256] done synthesizing module 'spi_ctrl' (0#1) [C:/Users/C27Jayden.Randolph/ece383_wksp/Keyboard_Demo/Keyboard_Demo.srcs/sources_1/imports/OLED_example2/spi_ctrl.vhd:24]
INFO: [Synth 8-3491] module 'delay' declared at 'C:/Users/C27Jayden.Randolph/ece383_wksp/Keyboard_Demo/Keyboard_Demo.srcs/sources_1/imports/OLED_example2/delay.vhd:13' bound to instance 'delay_comp' of component 'delay' [C:/Users/C27Jayden.Randolph/ece383_wksp/Keyboard_Demo/Keyboard_Demo.srcs/sources_1/imports/OLED_example2/oled_init.vhd:100]
INFO: [Synth 8-638] synthesizing module 'delay' [C:/Users/C27Jayden.Randolph/ece383_wksp/Keyboard_Demo/Keyboard_Demo.srcs/sources_1/imports/OLED_example2/delay.vhd:21]
INFO: [Synth 8-256] done synthesizing module 'delay' (0#1) [C:/Users/C27Jayden.Randolph/ece383_wksp/Keyboard_Demo/Keyboard_Demo.srcs/sources_1/imports/OLED_example2/delay.vhd:21]
INFO: [Synth 8-256] done synthesizing module 'oled_init' (0#1) [C:/Users/C27Jayden.Randolph/ece383_wksp/Keyboard_Demo/Keyboard_Demo.srcs/sources_1/imports/OLED_example2/oled_init.vhd:26]
INFO: [Synth 8-3491] module 'oled_ex' declared at 'C:/Users/C27Jayden.Randolph/ece383_wksp/Keyboard_Demo/Keyboard_Demo.srcs/sources_1/imports/OLED_example2/oled_ex.vhd:14' bound to instance 'Example' of component 'oled_ex' [C:/Users/C27Jayden.Randolph/ece383_wksp/Keyboard_Demo/Keyboard_Demo.srcs/sources_1/imports/OLED_example2/oled_ctrl.vhd:89]
INFO: [Synth 8-638] synthesizing module 'oled_ex' [C:/Users/C27Jayden.Randolph/ece383_wksp/Keyboard_Demo/Keyboard_Demo.srcs/sources_1/imports/OLED_example2/oled_ex.vhd:25]
INFO: [Synth 8-3491] module 'spi_ctrl' declared at 'C:/Users/C27Jayden.Randolph/ece383_wksp/Keyboard_Demo/Keyboard_Demo.srcs/sources_1/imports/OLED_example2/spi_ctrl.vhd:14' bound to instance 'spi_comp' of component 'spi_ctrl' [C:/Users/C27Jayden.Randolph/ece383_wksp/Keyboard_Demo/Keyboard_Demo.srcs/sources_1/imports/OLED_example2/oled_ex.vhd:141]
INFO: [Synth 8-3491] module 'delay' declared at 'C:/Users/C27Jayden.Randolph/ece383_wksp/Keyboard_Demo/Keyboard_Demo.srcs/sources_1/imports/OLED_example2/delay.vhd:13' bound to instance 'delay_comp' of component 'delay' [C:/Users/C27Jayden.Randolph/ece383_wksp/Keyboard_Demo/Keyboard_Demo.srcs/sources_1/imports/OLED_example2/oled_ex.vhd:150]
INFO: [Synth 8-3491] module 'ascii_rom' declared at 'C:/Users/C27Jayden.Randolph/ece383_wksp/Keyboard_Demo/Keyboard_Demo.srcs/sources_1/imports/OLED_example2/ascii_rom.vhd:12' bound to instance 'char_lib_comp' of component 'ascii_rom' [C:/Users/C27Jayden.Randolph/ece383_wksp/Keyboard_Demo/Keyboard_Demo.srcs/sources_1/imports/OLED_example2/oled_ex.vhd:157]
INFO: [Synth 8-638] synthesizing module 'ascii_rom' [C:/Users/C27Jayden.Randolph/ece383_wksp/Keyboard_Demo/Keyboard_Demo.srcs/sources_1/imports/OLED_example2/ascii_rom.vhd:18]
INFO: [Synth 8-256] done synthesizing module 'ascii_rom' (0#1) [C:/Users/C27Jayden.Randolph/ece383_wksp/Keyboard_Demo/Keyboard_Demo.srcs/sources_1/imports/OLED_example2/ascii_rom.vhd:18]
INFO: [Synth 8-256] done synthesizing module 'oled_ex' (0#1) [C:/Users/C27Jayden.Randolph/ece383_wksp/Keyboard_Demo/Keyboard_Demo.srcs/sources_1/imports/OLED_example2/oled_ex.vhd:25]
INFO: [Synth 8-226] default block is never used [C:/Users/C27Jayden.Randolph/ece383_wksp/Keyboard_Demo/Keyboard_Demo.srcs/sources_1/imports/OLED_example2/oled_ctrl.vhd:115]
INFO: [Synth 8-256] done synthesizing module 'oled_ctrl' (0#1) [C:/Users/C27Jayden.Randolph/ece383_wksp/Keyboard_Demo/Keyboard_Demo.srcs/sources_1/imports/OLED_example2/oled_ctrl.vhd:32]
INFO: [Synth 8-3491] module 'lec11' declared at 'C:/Users/C27Jayden.Randolph/ece383_wksp/Keyboard_Demo/Keyboard_Demo.srcs/sources_1/imports/Homework_8/lec11.vhdl:24' bound to instance 'ps2_receiver' of component 'lec11' [C:/Users/C27Jayden.Randolph/ece383_wksp/Keyboard_Demo/Keyboard_Demo.srcs/sources_1/new/Keyboard_Demo.vhd:64]
INFO: [Synth 8-638] synthesizing module 'lec11' [C:/Users/C27Jayden.Randolph/ece383_wksp/Keyboard_Demo/Keyboard_Demo.srcs/sources_1/imports/Homework_8/lec11.vhdl:35]
INFO: [Synth 8-3491] module 'lec11_cu' declared at 'C:/Users/C27Jayden.Randolph/ece383_wksp/Keyboard_Demo/Keyboard_Demo.srcs/sources_1/imports/new/lec11_cu.vhd:34' bound to instance 'cu' of component 'lec11_cu' [C:/Users/C27Jayden.Randolph/ece383_wksp/Keyboard_Demo/Keyboard_Demo.srcs/sources_1/imports/Homework_8/lec11.vhdl:61]
INFO: [Synth 8-638] synthesizing module 'lec11_cu' [C:/Users/C27Jayden.Randolph/ece383_wksp/Keyboard_Demo/Keyboard_Demo.srcs/sources_1/imports/new/lec11_cu.vhd:44]
INFO: [Synth 8-256] done synthesizing module 'lec11_cu' (0#1) [C:/Users/C27Jayden.Randolph/ece383_wksp/Keyboard_Demo/Keyboard_Demo.srcs/sources_1/imports/new/lec11_cu.vhd:44]
INFO: [Synth 8-3491] module 'lec11_dp' declared at 'C:/Users/C27Jayden.Randolph/ece383_wksp/Keyboard_Demo/Keyboard_Demo.srcs/sources_1/imports/Homework_8/lec11_dp.vhdl:24' bound to instance 'dp' of component 'lec11_dp' [C:/Users/C27Jayden.Randolph/ece383_wksp/Keyboard_Demo/Keyboard_Demo.srcs/sources_1/imports/Homework_8/lec11.vhdl:62]
INFO: [Synth 8-638] synthesizing module 'lec11_dp' [C:/Users/C27Jayden.Randolph/ece383_wksp/Keyboard_Demo/Keyboard_Demo.srcs/sources_1/imports/Homework_8/lec11_dp.vhdl:33]
INFO: [Synth 8-256] done synthesizing module 'lec11_dp' (0#1) [C:/Users/C27Jayden.Randolph/ece383_wksp/Keyboard_Demo/Keyboard_Demo.srcs/sources_1/imports/Homework_8/lec11_dp.vhdl:33]
INFO: [Synth 8-256] done synthesizing module 'lec11' (0#1) [C:/Users/C27Jayden.Randolph/ece383_wksp/Keyboard_Demo/Keyboard_Demo.srcs/sources_1/imports/Homework_8/lec11.vhdl:35]
INFO: [Synth 8-256] done synthesizing module 'Keyboard_Demo' (0#1) [C:/Users/C27Jayden.Randolph/ece383_wksp/Keyboard_Demo/Keyboard_Demo.srcs/sources_1/new/Keyboard_Demo.vhd:21]
WARNING: [Synth 8-6014] Unused sequential element current_screen_reg[2,6] was removed.  [C:/Users/C27Jayden.Randolph/ece383_wksp/Keyboard_Demo/Keyboard_Demo.srcs/sources_1/imports/OLED_example2/oled_ex.vhd:177]
WARNING: [Synth 8-6014] Unused sequential element current_screen_reg[2,7] was removed.  [C:/Users/C27Jayden.Randolph/ece383_wksp/Keyboard_Demo/Keyboard_Demo.srcs/sources_1/imports/OLED_example2/oled_ex.vhd:177]
WARNING: [Synth 8-6014] Unused sequential element current_screen_reg[3,6] was removed.  [C:/Users/C27Jayden.Randolph/ece383_wksp/Keyboard_Demo/Keyboard_Demo.srcs/sources_1/imports/OLED_example2/oled_ex.vhd:177]
WARNING: [Synth 8-6014] Unused sequential element current_screen_reg[3,7] was removed.  [C:/Users/C27Jayden.Randolph/ece383_wksp/Keyboard_Demo/Keyboard_Demo.srcs/sources_1/imports/OLED_example2/oled_ex.vhd:177]
WARNING: [Synth 8-3848] Net temp_delay_ms in module/entity oled_ex does not have driver. [C:/Users/C27Jayden.Randolph/ece383_wksp/Keyboard_Demo/Keyboard_Demo.srcs/sources_1/imports/OLED_example2/oled_ex.vhd:118]
WARNING: [Synth 8-7129] Port addr[10] in module ascii_rom is either unconnected or has no load
---------------------------------------------------------------------------------
Finished RTL Elaboration : Time (s): cpu = 00:00:05 ; elapsed = 00:00:11 . Memory (MB): peak = 1127.238 ; gain = 593.723
---------------------------------------------------------------------------------
---------------------------------------------------------------------------------
Start Handling Custom Attributes
---------------------------------------------------------------------------------
---------------------------------------------------------------------------------
Finished Handling Custom Attributes : Time (s): cpu = 00:00:05 ; elapsed = 00:00:12 . Memory (MB): peak = 1127.238 ; gain = 593.723
---------------------------------------------------------------------------------
---------------------------------------------------------------------------------
Finished RTL Optimization Phase 1 : Time (s): cpu = 00:00:05 ; elapsed = 00:00:12 . Memory (MB): peak = 1127.238 ; gain = 593.723
---------------------------------------------------------------------------------
Netlist sorting complete. Time (s): cpu = 00:00:00 ; elapsed = 00:00:00.020 . Memory (MB): peak = 1127.238 ; gain = 0.000
INFO: [Project 1-570] Preparing netlist for logic optimization

Processing XDC Constraints
Initializing timing engine
Parsing XDC File [C:/Users/C27Jayden.Randolph/ece383_wksp/Keyboard_Demo/Keyboard_Demo.srcs/constrs_1/imports/OLED_example2/Lab2.xdc]
Finished Parsing XDC File [C:/Users/C27Jayden.Randolph/ece383_wksp/Keyboard_Demo/Keyboard_Demo.srcs/constrs_1/imports/OLED_example2/Lab2.xdc]
INFO: [Project 1-236] Implementation specific constraints were found while reading constraint file [C:/Users/C27Jayden.Randolph/ece383_wksp/Keyboard_Demo/Keyboard_Demo.srcs/constrs_1/imports/OLED_example2/Lab2.xdc]. These constraints will be ignored for synthesis but will be used in implementation. Impacted constraints are listed in the file [.Xil/Keyboard_Demo_propImpl.xdc].
Resolution: To avoid this warning, move constraints listed in [.Xil/Keyboard_Demo_propImpl.xdc] to another XDC file and exclude this new file from synthesis with the used_in_synthesis property (File Properties dialog in GUI) and re-run elaboration/synthesis.
Completed Processing XDC Constraints

Netlist sorting complete. Time (s): cpu = 00:00:00 ; elapsed = 00:00:00.001 . Memory (MB): peak = 1217.609 ; gain = 0.000
INFO: [Project 1-111] Unisim Transformation Summary:
No Unisim elements were transformed.

Constraint Validation Runtime : Time (s): cpu = 00:00:00 ; elapsed = 00:00:00.014 . Memory (MB): peak = 1217.609 ; gain = 0.000
INFO: [Designutils 20-5440] No compile time benefit to using incremental synthesis; A full resynthesis will be run
INFO: [Designutils 20-4379] Flow is switching to default flow due to incremental criteria not met. If you would like to alter this behaviour and have the flow terminate instead, please set the following parameter config_implementation {autoIncr.Synth.RejectBehavior Terminate}
---------------------------------------------------------------------------------
Finished Constraint Validation : Time (s): cpu = 00:00:13 ; elapsed = 00:00:25 . Memory (MB): peak = 1217.609 ; gain = 684.094
---------------------------------------------------------------------------------
---------------------------------------------------------------------------------
Start Loading Part and Timing Information
---------------------------------------------------------------------------------
Loading part: xc7a200tsbg484-1
---------------------------------------------------------------------------------
Finished Loading Part and Timing Information : Time (s): cpu = 00:00:13 ; elapsed = 00:00:25 . Memory (MB): peak = 1217.609 ; gain = 684.094
---------------------------------------------------------------------------------
---------------------------------------------------------------------------------
Start Applying 'set_property' XDC Constraints
---------------------------------------------------------------------------------
---------------------------------------------------------------------------------
Finished applying 'set_property' XDC Constraints : Time (s): cpu = 00:00:13 ; elapsed = 00:00:25 . Memory (MB): peak = 1217.609 ; gain = 684.094
---------------------------------------------------------------------------------
INFO: [Synth 8-802] inferred FSM for state register 'current_state_reg' in module 'spi_ctrl'
INFO: [Synth 8-802] inferred FSM for state register 'current_state_reg' in module 'delay'
INFO: [Synth 8-802] inferred FSM for state register 'current_state_reg' in module 'oled_ctrl'
INFO: [Synth 8-802] inferred FSM for state register 'state_reg' in module 'lec11_cu'
---------------------------------------------------------------------------------------------------
                   State |                     New Encoding |                Previous Encoding 
---------------------------------------------------------------------------------------------------
                    idle |                              001 |                               00
                    send |                              010 |                               01
                    done |                              100 |                               10
---------------------------------------------------------------------------------------------------
INFO: [Synth 8-3354] encoded FSM with state register 'current_state_reg' using encoding 'one-hot' in module 'spi_ctrl'
---------------------------------------------------------------------------------------------------
                   State |                     New Encoding |                Previous Encoding 
---------------------------------------------------------------------------------------------------
                    idle |                              001 |                               00
                    hold |                              010 |                               01
                    done |                              100 |                               10
---------------------------------------------------------------------------------------------------
INFO: [Synth 8-3354] encoded FSM with state register 'current_state_reg' using encoding 'one-hot' in module 'delay'
---------------------------------------------------------------------------------------------------
                   State |                     New Encoding |                Previous Encoding 
---------------------------------------------------------------------------------------------------
                    idle |                             0001 |                               00
          oledinitialize |                             0010 |                               01
             oledexample |                             0100 |                               10
                    done |                             1000 |                               11
---------------------------------------------------------------------------------------------------
INFO: [Synth 8-3354] encoded FSM with state register 'current_state_reg' using encoding 'one-hot' in module 'oled_ctrl'
INFO: [Synth 8-6159] Found Keep on FSM register 'state_reg' in module 'lec11_cu', re-encoding will not be performed
---------------------------------------------------------------------------------------------------
                   State |                     New Encoding |                Previous Encoding 
---------------------------------------------------------------------------------------------------
*
               waitstart |                              000 |                              000
                   start |                              001 |                              001
               kbclkrise |                              010 |                              010
                   shift |                              011 |                              011
               kbclkfall |                              100 |                              100
               countincr |                              101 |                              101
                    load |                              110 |                              110
---------------------------------------------------------------------------------------------------
---------------------------------------------------------------------------------
Finished RTL Optimization Phase 2 : Time (s): cpu = 00:00:13 ; elapsed = 00:00:26 . Memory (MB): peak = 1217.609 ; gain = 684.094
---------------------------------------------------------------------------------
---------------------------------------------------------------------------------
Start RTL Component Statistics 
---------------------------------------------------------------------------------
Detailed RTL Component Info : 
+---Adders : 
	   2 Input    6 Bit       Adders := 1     
	   2 Input    5 Bit       Adders := 2     
	   2 Input    4 Bit       Adders := 3     
	   2 Input    2 Bit       Adders := 1     
+---Registers : 
	               11 Bit    Registers := 2     
	                8 Bit    Registers := 17    
	                6 Bit    Registers := 1     
	                5 Bit    Registers := 9     
	                4 Bit    Registers := 3     
	                2 Bit    Registers := 1     
	                1 Bit    Registers := 14    
+---ROMs : 
	                    ROMs := 1     
+---Muxes : 
	   2 Input    8 Bit        Muxes := 6     
	   4 Input    8 Bit        Muxes := 6     
	   2 Input    7 Bit        Muxes := 1     
	  26 Input    5 Bit        Muxes := 1     
	   2 Input    5 Bit        Muxes := 1     
	   2 Input    4 Bit        Muxes := 3     
	   4 Input    4 Bit        Muxes := 1     
	   5 Input    4 Bit        Muxes := 1     
	   8 Input    3 Bit        Muxes := 1     
	   2 Input    3 Bit        Muxes := 4     
	  26 Input    2 Bit        Muxes := 1     
	   3 Input    1 Bit        Muxes := 6     
	   2 Input    1 Bit        Muxes := 26    
	  28 Input    1 Bit        Muxes := 9     
	  26 Input    1 Bit        Muxes := 8     
	   4 Input    1 Bit        Muxes := 2     
---------------------------------------------------------------------------------
Finished RTL Component Statistics 
---------------------------------------------------------------------------------
---------------------------------------------------------------------------------
Start Part Resource Summary
---------------------------------------------------------------------------------
Part Resources:
DSPs: 740 (col length:100)
BRAMs: 730 (col length: RAMB18 100 RAMB36 50)
---------------------------------------------------------------------------------
Finished Part Resource Summary
---------------------------------------------------------------------------------
---------------------------------------------------------------------------------
Start Cross Boundary and Area Optimization
---------------------------------------------------------------------------------
WARNING: [Synth 8-7080] Parallel synthesis criteria is not met
WARNING: [Synth 8-6040] Register oled/Example/temp_addr_reg driving address of a ROM cannot be packed in BRAM/URAM because of presence of initial value.
---------------------------------------------------------------------------------
Finished Cross Boundary and Area Optimization : Time (s): cpu = 00:00:15 ; elapsed = 00:00:30 . Memory (MB): peak = 1217.609 ; gain = 684.094
---------------------------------------------------------------------------------
---------------------------------------------------------------------------------
Start ROM, RAM, DSP, Shift Register and Retiming Reporting
---------------------------------------------------------------------------------

ROM: Preliminary Mapping Report
+--------------+-------------------------------------+---------------+----------------+
|Module Name   | RTL Object                          | Depth x Width | Implemented As | 
+--------------+-------------------------------------+---------------+----------------+
|oled_init     | after_state                         | 32x1          | LUT            | 
|oled_init     | after_state                         | 32x5          | LUT            | 
|oled_init     | temp_sdata                          | 32x1          | LUT            | 
|oled_init     | temp_sdata                          | 32x8          | LUT            | 
|oled_ex       | after_state                         | 32x1          | LUT            | 
|oled_ex       | temp_addr                           | 32x1          | LUT            | 
|Keyboard_Demo | oled/Initialize/after_state         | 32x5          | LUT            | 
|Keyboard_Demo | oled/Initialize/temp_sdata          | 32x8          | LUT            | 
|Keyboard_Demo | oled/Initialize/after_state         | 32x1          | LUT            | 
|Keyboard_Demo | oled/Initialize/temp_sdata          | 32x1          | LUT            | 
|Keyboard_Demo | oled/Example/char_lib_comp/dout_reg | 1024x8        | Block RAM      | 
|Keyboard_Demo | oled/Example/after_state            | 32x1          | LUT            | 
|Keyboard_Demo | oled/Example/temp_addr              | 32x1          | LUT            | 
+--------------+-------------------------------------+---------------+----------------+

---------------------------------------------------------------------------------
Finished ROM, RAM, DSP, Shift Register and Retiming Reporting
---------------------------------------------------------------------------------
---------------------------------------------------------------------------------
Start Applying XDC Timing Constraints
---------------------------------------------------------------------------------
---------------------------------------------------------------------------------
Finished Applying XDC Timing Constraints : Time (s): cpu = 00:00:20 ; elapsed = 00:00:37 . Memory (MB): peak = 1316.074 ; gain = 782.559
---------------------------------------------------------------------------------
---------------------------------------------------------------------------------
Start Timing Optimization
---------------------------------------------------------------------------------
---------------------------------------------------------------------------------
Finished Timing Optimization : Time (s): cpu = 00:00:20 ; elapsed = 00:00:37 . Memory (MB): peak = 1316.578 ; gain = 783.062
---------------------------------------------------------------------------------
---------------------------------------------------------------------------------
Start Technology Mapping
---------------------------------------------------------------------------------
INFO: [Synth 8-7052] The timing for the instance oled/Example/char_lib_comp/dout_reg (implemented as a Block RAM) might be sub-optimal as no optional output register could be merged into the ram block. Providing additional output register may help in improving timing.
---------------------------------------------------------------------------------
Finished Technology Mapping : Time (s): cpu = 00:00:20 ; elapsed = 00:00:37 . Memory (MB): peak = 1345.211 ; gain = 811.695
---------------------------------------------------------------------------------
---------------------------------------------------------------------------------
Start IO Insertion
---------------------------------------------------------------------------------
---------------------------------------------------------------------------------
Start Flattening Before IO Insertion
---------------------------------------------------------------------------------
---------------------------------------------------------------------------------
Finished Flattening Before IO Insertion
---------------------------------------------------------------------------------
---------------------------------------------------------------------------------
Start Final Netlist Cleanup
---------------------------------------------------------------------------------
---------------------------------------------------------------------------------
Finished Final Netlist Cleanup
---------------------------------------------------------------------------------
---------------------------------------------------------------------------------
Finished IO Insertion : Time (s): cpu = 00:00:23 ; elapsed = 00:00:43 . Memory (MB): peak = 1540.812 ; gain = 1007.297
---------------------------------------------------------------------------------
---------------------------------------------------------------------------------
Start Renaming Generated Instances
---------------------------------------------------------------------------------
---------------------------------------------------------------------------------
Finished Renaming Generated Instances : Time (s): cpu = 00:00:23 ; elapsed = 00:00:43 . Memory (MB): peak = 1540.812 ; gain = 1007.297
---------------------------------------------------------------------------------
---------------------------------------------------------------------------------
Start Rebuilding User Hierarchy
---------------------------------------------------------------------------------
---------------------------------------------------------------------------------
Finished Rebuilding User Hierarchy : Time (s): cpu = 00:00:23 ; elapsed = 00:00:43 . Memory (MB): peak = 1540.812 ; gain = 1007.297
---------------------------------------------------------------------------------
---------------------------------------------------------------------------------
Start Renaming Generated Ports
---------------------------------------------------------------------------------
---------------------------------------------------------------------------------
Finished Renaming Generated Ports : Time (s): cpu = 00:00:23 ; elapsed = 00:00:43 . Memory (MB): peak = 1540.812 ; gain = 1007.297
---------------------------------------------------------------------------------
---------------------------------------------------------------------------------
Start Handling Custom Attributes
---------------------------------------------------------------------------------
---------------------------------------------------------------------------------
Finished Handling Custom Attributes : Time (s): cpu = 00:00:23 ; elapsed = 00:00:43 . Memory (MB): peak = 1541.789 ; gain = 1008.273
---------------------------------------------------------------------------------
---------------------------------------------------------------------------------
Start Renaming Generated Nets
---------------------------------------------------------------------------------
---------------------------------------------------------------------------------
Finished Renaming Generated Nets : Time (s): cpu = 00:00:23 ; elapsed = 00:00:43 . Memory (MB): peak = 1541.789 ; gain = 1008.273
---------------------------------------------------------------------------------
---------------------------------------------------------------------------------
Start Writing Synthesis Report
---------------------------------------------------------------------------------

Report BlackBoxes: 
+-+--------------+----------+
| |BlackBox name |Instances |
+-+--------------+----------+
+-+--------------+----------+

Report Cell Usage: 
+------+---------+------+
|      |Cell     |Count |
+------+---------+------+
|1     |BUFG     |     1|
|2     |CARRY4   |    18|
|3     |LUT1     |    16|
|4     |LUT2     |    19|
|5     |LUT3     |    43|
|6     |LUT4     |    32|
|7     |LUT5     |    52|
|8     |LUT6     |    53|
|9     |MUXF7    |     1|
|10    |RAMB18E1 |     1|
|11    |FDRE     |   203|
|12    |FDSE     |     9|
|13    |IBUF     |     4|
|14    |OBUF     |    16|
+------+---------+------+
---------------------------------------------------------------------------------
Finished Writing Synthesis Report : Time (s): cpu = 00:00:23 ; elapsed = 00:00:43 . Memory (MB): peak = 1541.789 ; gain = 1008.273
---------------------------------------------------------------------------------
Synthesis finished with 0 errors, 0 critical warnings and 2 warnings.
Synthesis Optimization Runtime : Time (s): cpu = 00:00:16 ; elapsed = 00:00:39 . Memory (MB): peak = 1541.789 ; gain = 917.902
Synthesis Optimization Complete : Time (s): cpu = 00:00:23 ; elapsed = 00:00:44 . Memory (MB): peak = 1541.789 ; gain = 1008.273
INFO: [Project 1-571] Translating synthesized netlist
Netlist sorting complete. Time (s): cpu = 00:00:00 ; elapsed = 00:00:00.004 . Memory (MB): peak = 1550.945 ; gain = 0.000
INFO: [Netlist 29-17] Analyzing 20 Unisim elements for replacement
INFO: [Netlist 29-28] Unisim Transformation completed in 0 CPU seconds
INFO: [Project 1-570] Preparing netlist for logic optimization
INFO: [Opt 31-138] Pushed 0 inverter(s) to 0 load pin(s).
Netlist sorting complete. Time (s): cpu = 00:00:00 ; elapsed = 00:00:00 . Memory (MB): peak = 1557.207 ; gain = 0.000
INFO: [Project 1-111] Unisim Transformation Summary:
No Unisim elements were transformed.

Synth Design complete | Checksum: 150cce1d
INFO: [Common 17-83] Releasing license: Synthesis
62 Infos, 9 Warnings, 0 Critical Warnings and 0 Errors encountered.
synth_design completed successfully
synth_design: Time (s): cpu = 00:00:26 ; elapsed = 00:01:24 . Memory (MB): peak = 1557.207 ; gain = 1263.176
Write ShapeDB Complete: Time (s): cpu = 00:00:00 ; elapsed = 00:00:00.008 . Memory (MB): peak = 1557.207 ; gain = 0.000
INFO: [Common 17-1381] The checkpoint 'C:/Users/C27Jayden.Randolph/ece383_wksp/Keyboard_Demo/Keyboard_Demo.runs/synth_1/Keyboard_Demo.dcp' has been generated.
INFO: [Vivado 12-24828] Executing command : report_utilization -file Keyboard_Demo_utilization_synth.rpt -pb Keyboard_Demo_utilization_synth.pb
INFO: [Common 17-206] Exiting Vivado at Wed Feb 11 07:41:33 2026...
