#-----------------------------------------------------------
# Vivado v2024.2 (64-bit)
# SW Build 5239630 on Fri Nov 08 22:35:27 MST 2024
# IP Build 5239520 on Sun Nov 10 16:12:51 MST 2024
# SharedData Build 5239561 on Fri Nov 08 14:39:27 MST 2024
# Start of session at: Sun Feb  8 01:11:09 2026
# Process ID         : 80924
# Current directory  : C:/Users/C27Jayden.Randolph/ece383_wksp/hw7
# Command line       : vivado.exe -gui_launcher_event rodinguilauncherevent75288 C:\Users\C27Jayden.Randolph\ece383_wksp\hw7\hw7.xpr
# Log file           : C:/Users/C27Jayden.Randolph/ece383_wksp/hw7/vivado.log
# Journal file       : C:/Users/C27Jayden.Randolph/ece383_wksp/hw7\vivado.jou
# Running On         : C27-5CG3121FS7
# Platform           : Windows Server 2016 or Windows 10
# Operating System   : 22631
# Processor Detail   : AMD Ryzen 7 PRO 6850U with Radeon Graphics     
# CPU Frequency      : 2695 MHz
# CPU Physical cores : 8
# CPU Logical cores  : 16
# Host memory        : 16442 MB
# Swap memory        : 15032 MB
# Total Virtual      : 31475 MB
# Available Virtual  : 5196 MB
#-----------------------------------------------------------
start_gui
open_project C:/Users/C27Jayden.Randolph/ece383_wksp/hw7/hw7.xpr
INFO: [filemgmt 56-3] Default IP Output Path : Could not find the directory 'C:/Users/C27Jayden.Randolph/ece383_wksp/hw7/hw7.gen/sources_1'.
Scanning sources...
Finished scanning sources
INFO: [IP_Flow 19-234] Refreshing IP repositories
INFO: [IP_Flow 19-1704] No user IP repositories specified
INFO: [IP_Flow 19-2313] Loaded Vivado IP repository 'C:/Xilinx/Vivado/2024.2/data/ip'.
open_project: Time (s): cpu = 00:00:05 ; elapsed = 00:00:08 . Memory (MB): peak = 1109.195 ; gain = 59.113
update_compile_order -fileset sources_1
exit
INFO: [Common 17-206] Exiting Vivado at Sun Feb  8 01:12:34 2026...
