#-----------------------------------------------------------
# Vivado v2024.2 (64-bit)
# SW Build 5239630 on Fri Nov 08 22:35:27 MST 2024
# IP Build 5239520 on Sun Nov 10 16:12:51 MST 2024
# SharedData Build 5239561 on Fri Nov 08 14:39:27 MST 2024
# Start of session at: Mon Apr  6 07:39:22 2026
# Process ID         : 82088
# Current directory  : C:/Users/C27Jayden.Randolph/ece383_wksp/lab4/Lab04_cadet_code
# Command line       : vivado.exe -gui_launcher_event rodinguilauncherevent79780 C:\Users\C27Jayden.Randolph\ece383_wksp\lab4\Lab04_cadet_code\Lab4.xpr
# Log file           : C:/Users/C27Jayden.Randolph/ece383_wksp/lab4/Lab04_cadet_code/vivado.log
# Journal file       : C:/Users/C27Jayden.Randolph/ece383_wksp/lab4/Lab04_cadet_code\vivado.jou
# Running On         : C27-5CG3121FS7
# Platform           : Windows Server 2016 or Windows 10
# Operating System   : 22631
# Processor Detail   : AMD Ryzen 7 PRO 6850U with Radeon Graphics     
# CPU Frequency      : 2695 MHz
# CPU Physical cores : 8
# CPU Logical cores  : 16
# Host memory        : 16442 MB
# Swap memory        : 15569 MB
# Total Virtual      : 32011 MB
# Available Virtual  : 8466 MB
#-----------------------------------------------------------
start_gui
open_project C:/Users/C27Jayden.Randolph/ece383_wksp/lab4/Lab04_cadet_code/Lab4.xpr
reset_run synth_1
launch_runs impl_1 -to_step write_bitstream -jobs 16
wait_on_run impl_1
reset_run synth_1
launch_runs impl_1 -to_step write_bitstream -jobs 16
wait_on_run impl_1
reset_run synth_1
launch_runs impl_1 -to_step write_bitstream -jobs 16
wait_on_run impl_1
launch_simulation -simset [get_filesets Lab4_dp ]
open_wave_config C:/Users/C27Jayden.Randolph/ece383_wksp/lab4/Lab04_cadet_code/Lab4_dp_tb_behav.wcfg
source Lab4_dp_tb.tcl
