Copyright 1986-2022 Xilinx, Inc. All Rights Reserved. Copyright 2022-2024 Advanced Micro Devices, Inc. All Rights Reserved.
------------------------------------------------------------------------------------------------------------------------------------------------------------------------------------------------------------------------------------
| Tool Version : Vivado v.2024.2 (win64) Build 5239630 Fri Nov 08 22:35:27 MST 2024
| Date         : Wed Feb 11 07:44:38 2026
| Host         : C27-5CG3121FS7 running 64-bit major release  (build 9200)
| Command      : report_timing_summary -max_paths 10 -report_unconstrained -file Keyboard_Demo_timing_summary_routed.rpt -pb Keyboard_Demo_timing_summary_routed.pb -rpx Keyboard_Demo_timing_summary_routed.rpx -warn_on_violation
| Design       : Keyboard_Demo
| Device       : 7a200t-sbg484
| Speed File   : -1  PRODUCTION 1.23 2018-06-13
| Design State : Routed
------------------------------------------------------------------------------------------------------------------------------------------------------------------------------------------------------------------------------------

Timing Summary Report

------------------------------------------------------------------------------------------------
| Timer Settings
| --------------
------------------------------------------------------------------------------------------------

  Enable Multi Corner Analysis               :  Yes
  Enable Pessimism Removal                   :  Yes
  Pessimism Removal Resolution               :  Nearest Common Node
  Enable Input Delay Default Clock           :  No
  Enable Preset / Clear Arcs                 :  No
  Disable Flight Delays                      :  No
  Ignore I/O Paths                           :  No
  Timing Early Launch at Borrowing Latches   :  No
  Borrow Time for Max Delay Exceptions       :  Yes
  Merge Timing Exceptions                    :  Yes
  Inter-SLR Compensation                     :  Conservative

  Corner  Analyze    Analyze    
  Name    Max Paths  Min Paths  
  ------  ---------  ---------  
  Slow    Yes        Yes        
  Fast    Yes        Yes        


------------------------------------------------------------------------------------------------
| Report Methodology
| ------------------
------------------------------------------------------------------------------------------------

Rule       Severity          Description                                 Violations  
---------  ----------------  ------------------------------------------  ----------  
TIMING-17  Critical Warning  Non-clocked sequential cell                 222         
SYNTH-6    Warning           Timing of a RAM block might be sub-optimal  1           

Note: This report is based on the most recent report_methodology run and may not be up-to-date. Run report_methodology on the current design for the latest report.



check_timing report

Table of Contents
-----------------
1. checking no_clock (222)
2. checking constant_clock (0)
3. checking pulse_width_clock (0)
4. checking unconstrained_internal_endpoints (519)
5. checking no_input_delay (3)
6. checking no_output_delay (14)
7. checking multiple_clock (0)
8. checking generated_clocks (0)
9. checking loops (0)
10. checking partial_input_delay (0)
11. checking partial_output_delay (0)
12. checking latch_loops (0)

1. checking no_clock (222)
--------------------------
 There are 222 register/latch pins with no clock driven by root clock pin: clk (HIGH)


2. checking constant_clock (0)
------------------------------
 There are 0 register/latch pins with constant_clock.


3. checking pulse_width_clock (0)
---------------------------------
 There are 0 register/latch pins which need pulse_width check


4. checking unconstrained_internal_endpoints (519)
--------------------------------------------------
 There are 519 pins that are not constrained for maximum delay. (HIGH)

 There are 0 pins that are not constrained for maximum delay due to constant clock.


5. checking no_input_delay (3)
------------------------------
 There are 3 input ports with no input delay specified. (HIGH)

 There are 0 input ports with no input delay but user has a false path constraint.


6. checking no_output_delay (14)
--------------------------------
 There are 14 ports with no output delay specified. (HIGH)

 There are 0 ports with no output delay but user has a false path constraint

 There are 0 ports with no output delay but with a timing clock defined on it or propagating through it


7. checking multiple_clock (0)
------------------------------
 There are 0 register/latch pins with multiple clocks.


8. checking generated_clocks (0)
--------------------------------
 There are 0 generated clocks that are not connected to a clock source.


9. checking loops (0)
---------------------
 There are 0 combinational loops in the design.


10. checking partial_input_delay (0)
------------------------------------
 There are 0 input ports with partial input delay specified.


11. checking partial_output_delay (0)
-------------------------------------
 There are 0 ports with partial output delay specified.


12. checking latch_loops (0)
----------------------------
 There are 0 combinational latch loops in the design through latch input



------------------------------------------------------------------------------------------------
| Design Timing Summary
| ---------------------
------------------------------------------------------------------------------------------------

    WNS(ns)      TNS(ns)  TNS Failing Endpoints  TNS Total Endpoints      WHS(ns)      THS(ns)  THS Failing Endpoints  THS Total Endpoints     WPWS(ns)     TPWS(ns)  TPWS Failing Endpoints  TPWS Total Endpoints  
    -------      -------  ---------------------  -------------------      -------      -------  ---------------------  -------------------     --------     --------  ----------------------  --------------------  
        inf        0.000                      0                  535          inf        0.000                      0                  535           NA           NA                      NA                    NA  


There are no user specified timing constraints.


------------------------------------------------------------------------------------------------
| Clock Summary
| -------------
------------------------------------------------------------------------------------------------


------------------------------------------------------------------------------------------------
| Intra Clock Table
| -----------------
------------------------------------------------------------------------------------------------

Clock             WNS(ns)      TNS(ns)  TNS Failing Endpoints  TNS Total Endpoints      WHS(ns)      THS(ns)  THS Failing Endpoints  THS Total Endpoints     WPWS(ns)     TPWS(ns)  TPWS Failing Endpoints  TPWS Total Endpoints  
-----             -------      -------  ---------------------  -------------------      -------      -------  ---------------------  -------------------     --------     --------  ----------------------  --------------------  


------------------------------------------------------------------------------------------------
| Inter Clock Table
| -----------------
------------------------------------------------------------------------------------------------

From Clock    To Clock          WNS(ns)      TNS(ns)  TNS Failing Endpoints  TNS Total Endpoints      WHS(ns)      THS(ns)  THS Failing Endpoints  THS Total Endpoints  
----------    --------          -------      -------  ---------------------  -------------------      -------      -------  ---------------------  -------------------  


------------------------------------------------------------------------------------------------
| Other Path Groups Table
| -----------------------
------------------------------------------------------------------------------------------------

Path Group    From Clock    To Clock          WNS(ns)      TNS(ns)  TNS Failing Endpoints  TNS Total Endpoints      WHS(ns)      THS(ns)  THS Failing Endpoints  THS Total Endpoints  
----------    ----------    --------          -------      -------  ---------------------  -------------------      -------      -------  ---------------------  -------------------  


------------------------------------------------------------------------------------------------
| User Ignored Path Table
| -----------------------
------------------------------------------------------------------------------------------------

Path Group    From Clock    To Clock    
----------    ----------    --------    


------------------------------------------------------------------------------------------------
| Unconstrained Path Table
| ------------------------
------------------------------------------------------------------------------------------------

Path Group    From Clock    To Clock    
----------    ----------    --------    
(none)                                    


------------------------------------------------------------------------------------------------
| Timing Details
| --------------
------------------------------------------------------------------------------------------------


--------------------------------------------------------------------------------------
Path Group:  (none)
From Clock:  
  To Clock:  

Max Delay           535 Endpoints
Min Delay           535 Endpoints
--------------------------------------------------------------------------------------


Max Delay Paths
--------------------------------------------------------------------------------------
Slack:                    inf
  Source:                 rst
                            (input port)
  Destination:            oled/Initialize/delay_comp/FSM_onehot_current_state_reg[0]/S
  Path Group:             (none)
  Path Type:              Max at Slow Process Corner
  Data Path Delay:        12.111ns  (logic 1.186ns (9.791%)  route 10.925ns (90.209%))
  Logic Levels:           2  (IBUF=1 LUT1=1)

    Location             Delay type                Incr(ns)  Path(ns)    Netlist Resource(s)
  -------------------------------------------------------------------    -------------------
    G4                                                0.000     0.000 f  rst (IN)
                         net (fo=0)                   0.000     0.000    rst
    G4                   IBUF (Prop_ibuf_I_O)         1.062     1.062 f  rst_IBUF_inst/O
                         net (fo=20, routed)          9.096    10.157    oled/Initialize/delay_comp/rst_IBUF
    SLICE_X3Y114         LUT1 (Prop_lut1_I0_O)        0.124    10.281 r  oled/Initialize/delay_comp/FSM_onehot_current_state[2]_i_1__1/O
                         net (fo=53, routed)          1.829    12.111    oled/Initialize/delay_comp/SR[0]
    SLICE_X4Y121         FDSE                                         r  oled/Initialize/delay_comp/FSM_onehot_current_state_reg[0]/S
  -------------------------------------------------------------------    -------------------

Slack:                    inf
  Source:                 rst
                            (input port)
  Destination:            oled/Initialize/delay_comp/FSM_onehot_current_state_reg[1]/R
  Path Group:             (none)
  Path Type:              Max at Slow Process Corner
  Data Path Delay:        12.111ns  (logic 1.186ns (9.791%)  route 10.925ns (90.209%))
  Logic Levels:           2  (IBUF=1 LUT1=1)

    Location             Delay type                Incr(ns)  Path(ns)    Netlist Resource(s)
  -------------------------------------------------------------------    -------------------
    G4                                                0.000     0.000 f  rst (IN)
                         net (fo=0)                   0.000     0.000    rst
    G4                   IBUF (Prop_ibuf_I_O)         1.062     1.062 f  rst_IBUF_inst/O
                         net (fo=20, routed)          9.096    10.157    oled/Initialize/delay_comp/rst_IBUF
    SLICE_X3Y114         LUT1 (Prop_lut1_I0_O)        0.124    10.281 r  oled/Initialize/delay_comp/FSM_onehot_current_state[2]_i_1__1/O
                         net (fo=53, routed)          1.829    12.111    oled/Initialize/delay_comp/SR[0]
    SLICE_X4Y121         FDRE                                         r  oled/Initialize/delay_comp/FSM_onehot_current_state_reg[1]/R
  -------------------------------------------------------------------    -------------------

Slack:                    inf
  Source:                 rst
                            (input port)
  Destination:            oled/Initialize/delay_comp/FSM_onehot_current_state_reg[2]/R
  Path Group:             (none)
  Path Type:              Max at Slow Process Corner
  Data Path Delay:        12.111ns  (logic 1.186ns (9.791%)  route 10.925ns (90.209%))
  Logic Levels:           2  (IBUF=1 LUT1=1)

    Location             Delay type                Incr(ns)  Path(ns)    Netlist Resource(s)
  -------------------------------------------------------------------    -------------------
    G4                                                0.000     0.000 f  rst (IN)
                         net (fo=0)                   0.000     0.000    rst
    G4                   IBUF (Prop_ibuf_I_O)         1.062     1.062 f  rst_IBUF_inst/O
                         net (fo=20, routed)          9.096    10.157    oled/Initialize/delay_comp/rst_IBUF
    SLICE_X3Y114         LUT1 (Prop_lut1_I0_O)        0.124    10.281 r  oled/Initialize/delay_comp/FSM_onehot_current_state[2]_i_1__1/O
                         net (fo=53, routed)          1.829    12.111    oled/Initialize/delay_comp/SR[0]
    SLICE_X4Y121         FDRE                                         r  oled/Initialize/delay_comp/FSM_onehot_current_state_reg[2]/R
  -------------------------------------------------------------------    -------------------

Slack:                    inf
  Source:                 rst
                            (input port)
  Destination:            ps2_receiver/dp/scanReg_reg[2]_lopt_replica/R
  Path Group:             (none)
  Path Type:              Max at Slow Process Corner
  Data Path Delay:        11.983ns  (logic 1.186ns (9.896%)  route 10.797ns (90.104%))
  Logic Levels:           2  (IBUF=1 LUT1=1)

    Location             Delay type                Incr(ns)  Path(ns)    Netlist Resource(s)
  -------------------------------------------------------------------    -------------------
    G4                                                0.000     0.000 f  rst (IN)
                         net (fo=0)                   0.000     0.000    rst
    G4                   IBUF (Prop_ibuf_I_O)         1.062     1.062 f  rst_IBUF_inst/O
                         net (fo=20, routed)          9.096    10.157    oled/Initialize/delay_comp/rst_IBUF
    SLICE_X3Y114         LUT1 (Prop_lut1_I0_O)        0.124    10.281 r  oled/Initialize/delay_comp/FSM_onehot_current_state[2]_i_1__1/O
                         net (fo=53, routed)          1.701    11.983    ps2_receiver/dp/SR[0]
    SLICE_X1Y105         FDRE                                         r  ps2_receiver/dp/scanReg_reg[2]_lopt_replica/R
  -------------------------------------------------------------------    -------------------

Slack:                    inf
  Source:                 rst
                            (input port)
  Destination:            ps2_receiver/dp/scanReg_reg[4]_lopt_replica/R
  Path Group:             (none)
  Path Type:              Max at Slow Process Corner
  Data Path Delay:        11.983ns  (logic 1.186ns (9.896%)  route 10.797ns (90.104%))
  Logic Levels:           2  (IBUF=1 LUT1=1)

    Location             Delay type                Incr(ns)  Path(ns)    Netlist Resource(s)
  -------------------------------------------------------------------    -------------------
    G4                                                0.000     0.000 f  rst (IN)
                         net (fo=0)                   0.000     0.000    rst
    G4                   IBUF (Prop_ibuf_I_O)         1.062     1.062 f  rst_IBUF_inst/O
                         net (fo=20, routed)          9.096    10.157    oled/Initialize/delay_comp/rst_IBUF
    SLICE_X3Y114         LUT1 (Prop_lut1_I0_O)        0.124    10.281 r  oled/Initialize/delay_comp/FSM_onehot_current_state[2]_i_1__1/O
                         net (fo=53, routed)          1.701    11.983    ps2_receiver/dp/SR[0]
    SLICE_X1Y105         FDRE                                         r  ps2_receiver/dp/scanReg_reg[4]_lopt_replica/R
  -------------------------------------------------------------------    -------------------

Slack:                    inf
  Source:                 rst
                            (input port)
  Destination:            ps2_receiver/dp/scanReg_reg[6]_lopt_replica/R
  Path Group:             (none)
  Path Type:              Max at Slow Process Corner
  Data Path Delay:        11.983ns  (logic 1.186ns (9.896%)  route 10.797ns (90.104%))
  Logic Levels:           2  (IBUF=1 LUT1=1)

    Location             Delay type                Incr(ns)  Path(ns)    Netlist Resource(s)
  -------------------------------------------------------------------    -------------------
    G4                                                0.000     0.000 f  rst (IN)
                         net (fo=0)                   0.000     0.000    rst
    G4                   IBUF (Prop_ibuf_I_O)         1.062     1.062 f  rst_IBUF_inst/O
                         net (fo=20, routed)          9.096    10.157    oled/Initialize/delay_comp/rst_IBUF
    SLICE_X3Y114         LUT1 (Prop_lut1_I0_O)        0.124    10.281 r  oled/Initialize/delay_comp/FSM_onehot_current_state[2]_i_1__1/O
                         net (fo=53, routed)          1.701    11.983    ps2_receiver/dp/SR[0]
    SLICE_X1Y105         FDRE                                         r  ps2_receiver/dp/scanReg_reg[6]_lopt_replica/R
  -------------------------------------------------------------------    -------------------

Slack:                    inf
  Source:                 rst
                            (input port)
  Destination:            ps2_receiver/dp/scanReg_reg[7]_lopt_replica/R
  Path Group:             (none)
  Path Type:              Max at Slow Process Corner
  Data Path Delay:        11.983ns  (logic 1.186ns (9.896%)  route 10.797ns (90.104%))
  Logic Levels:           2  (IBUF=1 LUT1=1)

    Location             Delay type                Incr(ns)  Path(ns)    Netlist Resource(s)
  -------------------------------------------------------------------    -------------------
    G4                                                0.000     0.000 f  rst (IN)
                         net (fo=0)                   0.000     0.000    rst
    G4                   IBUF (Prop_ibuf_I_O)         1.062     1.062 f  rst_IBUF_inst/O
                         net (fo=20, routed)          9.096    10.157    oled/Initialize/delay_comp/rst_IBUF
    SLICE_X3Y114         LUT1 (Prop_lut1_I0_O)        0.124    10.281 r  oled/Initialize/delay_comp/FSM_onehot_current_state[2]_i_1__1/O
                         net (fo=53, routed)          1.701    11.983    ps2_receiver/dp/SR[0]
    SLICE_X1Y105         FDRE                                         r  ps2_receiver/dp/scanReg_reg[7]_lopt_replica/R
  -------------------------------------------------------------------    -------------------

Slack:                    inf
  Source:                 rst
                            (input port)
  Destination:            ps2_receiver/dp/scanReg_reg[0]_lopt_replica/R
  Path Group:             (none)
  Path Type:              Max at Slow Process Corner
  Data Path Delay:        11.851ns  (logic 1.186ns (10.006%)  route 10.665ns (89.994%))
  Logic Levels:           2  (IBUF=1 LUT1=1)

    Location             Delay type                Incr(ns)  Path(ns)    Netlist Resource(s)
  -------------------------------------------------------------------    -------------------
    G4                                                0.000     0.000 f  rst (IN)
                         net (fo=0)                   0.000     0.000    rst
    G4                   IBUF (Prop_ibuf_I_O)         1.062     1.062 f  rst_IBUF_inst/O
                         net (fo=20, routed)          9.096    10.157    oled/Initialize/delay_comp/rst_IBUF
    SLICE_X3Y114         LUT1 (Prop_lut1_I0_O)        0.124    10.281 r  oled/Initialize/delay_comp/FSM_onehot_current_state[2]_i_1__1/O
                         net (fo=53, routed)          1.569    11.851    ps2_receiver/dp/SR[0]
    SLICE_X1Y107         FDRE                                         r  ps2_receiver/dp/scanReg_reg[0]_lopt_replica/R
  -------------------------------------------------------------------    -------------------

Slack:                    inf
  Source:                 rst
                            (input port)
  Destination:            ps2_receiver/dp/scanReg_reg[1]_lopt_replica/R
  Path Group:             (none)
  Path Type:              Max at Slow Process Corner
  Data Path Delay:        11.851ns  (logic 1.186ns (10.006%)  route 10.665ns (89.994%))
  Logic Levels:           2  (IBUF=1 LUT1=1)

    Location             Delay type                Incr(ns)  Path(ns)    Netlist Resource(s)
  -------------------------------------------------------------------    -------------------
    G4                                                0.000     0.000 f  rst (IN)
                         net (fo=0)                   0.000     0.000    rst
    G4                   IBUF (Prop_ibuf_I_O)         1.062     1.062 f  rst_IBUF_inst/O
                         net (fo=20, routed)          9.096    10.157    oled/Initialize/delay_comp/rst_IBUF
    SLICE_X3Y114         LUT1 (Prop_lut1_I0_O)        0.124    10.281 r  oled/Initialize/delay_comp/FSM_onehot_current_state[2]_i_1__1/O
                         net (fo=53, routed)          1.569    11.851    ps2_receiver/dp/SR[0]
    SLICE_X1Y107         FDRE                                         r  ps2_receiver/dp/scanReg_reg[1]_lopt_replica/R
  -------------------------------------------------------------------    -------------------

Slack:                    inf
  Source:                 rst
                            (input port)
  Destination:            ps2_receiver/dp/scanReg_reg[3]_lopt_replica/R
  Path Group:             (none)
  Path Type:              Max at Slow Process Corner
  Data Path Delay:        11.851ns  (logic 1.186ns (10.006%)  route 10.665ns (89.994%))
  Logic Levels:           2  (IBUF=1 LUT1=1)

    Location             Delay type                Incr(ns)  Path(ns)    Netlist Resource(s)
  -------------------------------------------------------------------    -------------------
    G4                                                0.000     0.000 f  rst (IN)
                         net (fo=0)                   0.000     0.000    rst
    G4                   IBUF (Prop_ibuf_I_O)         1.062     1.062 f  rst_IBUF_inst/O
                         net (fo=20, routed)          9.096    10.157    oled/Initialize/delay_comp/rst_IBUF
    SLICE_X3Y114         LUT1 (Prop_lut1_I0_O)        0.124    10.281 r  oled/Initialize/delay_comp/FSM_onehot_current_state[2]_i_1__1/O
                         net (fo=53, routed)          1.569    11.851    ps2_receiver/dp/SR[0]
    SLICE_X1Y107         FDRE                                         r  ps2_receiver/dp/scanReg_reg[3]_lopt_replica/R
  -------------------------------------------------------------------    -------------------





Min Delay Paths
--------------------------------------------------------------------------------------
Slack:                    inf
  Source:                 ps2_receiver/dp/shiftReg_reg[3]/C
                            (rising edge-triggered cell FDRE)
  Destination:            ps2_receiver/dp/scanReg_reg[2]/D
  Path Group:             (none)
  Path Type:              Min at Fast Process Corner
  Data Path Delay:        0.224ns  (logic 0.141ns (62.998%)  route 0.083ns (37.002%))
  Logic Levels:           1  (FDRE=1)

    Location             Delay type                Incr(ns)  Path(ns)    Netlist Resource(s)
  -------------------------------------------------------------------    -------------------
    SLICE_X1Y108         FDRE                         0.000     0.000 r  ps2_receiver/dp/shiftReg_reg[3]/C
    SLICE_X1Y108         FDRE (Prop_fdre_C_Q)         0.141     0.141 r  ps2_receiver/dp/shiftReg_reg[3]/Q
                         net (fo=3, routed)           0.083     0.224    ps2_receiver/dp/p_2_in[2]
    SLICE_X0Y108         FDRE                                         r  ps2_receiver/dp/scanReg_reg[2]/D
  -------------------------------------------------------------------    -------------------

Slack:                    inf
  Source:                 ps2_receiver/dp/shiftReg_reg[2]/C
                            (rising edge-triggered cell FDRE)
  Destination:            ps2_receiver/dp/scanReg_reg[1]/D
  Path Group:             (none)
  Path Type:              Min at Fast Process Corner
  Data Path Delay:        0.257ns  (logic 0.141ns (54.962%)  route 0.116ns (45.038%))
  Logic Levels:           1  (FDRE=1)

    Location             Delay type                Incr(ns)  Path(ns)    Netlist Resource(s)
  -------------------------------------------------------------------    -------------------
    SLICE_X1Y108         FDRE                         0.000     0.000 r  ps2_receiver/dp/shiftReg_reg[2]/C
    SLICE_X1Y108         FDRE (Prop_fdre_C_Q)         0.141     0.141 r  ps2_receiver/dp/shiftReg_reg[2]/Q
                         net (fo=3, routed)           0.116     0.257    ps2_receiver/dp/p_2_in[1]
    SLICE_X2Y108         FDRE                                         r  ps2_receiver/dp/scanReg_reg[1]/D
  -------------------------------------------------------------------    -------------------

Slack:                    inf
  Source:                 ps2_receiver/dp/shiftReg_reg[1]/C
                            (rising edge-triggered cell FDRE)
  Destination:            ps2_receiver/dp/scanReg_reg[0]_lopt_replica/D
  Path Group:             (none)
  Path Type:              Min at Fast Process Corner
  Data Path Delay:        0.261ns  (logic 0.141ns (54.048%)  route 0.120ns (45.952%))
  Logic Levels:           1  (FDRE=1)

    Location             Delay type                Incr(ns)  Path(ns)    Netlist Resource(s)
  -------------------------------------------------------------------    -------------------
    SLICE_X1Y108         FDRE                         0.000     0.000 r  ps2_receiver/dp/shiftReg_reg[1]/C
    SLICE_X1Y108         FDRE (Prop_fdre_C_Q)         0.141     0.141 r  ps2_receiver/dp/shiftReg_reg[1]/Q
                         net (fo=2, routed)           0.120     0.261    ps2_receiver/dp/p_2_in[0]
    SLICE_X1Y107         FDRE                                         r  ps2_receiver/dp/scanReg_reg[0]_lopt_replica/D
  -------------------------------------------------------------------    -------------------

Slack:                    inf
  Source:                 ps2_receiver/dp/shiftReg_reg[4]/C
                            (rising edge-triggered cell FDRE)
  Destination:            ps2_receiver/dp/shiftReg_reg[3]/D
  Path Group:             (none)
  Path Type:              Min at Fast Process Corner
  Data Path Delay:        0.265ns  (logic 0.141ns (53.224%)  route 0.124ns (46.776%))
  Logic Levels:           1  (FDRE=1)

    Location             Delay type                Incr(ns)  Path(ns)    Netlist Resource(s)
  -------------------------------------------------------------------    -------------------
    SLICE_X1Y108         FDRE                         0.000     0.000 r  ps2_receiver/dp/shiftReg_reg[4]/C
    SLICE_X1Y108         FDRE (Prop_fdre_C_Q)         0.141     0.141 r  ps2_receiver/dp/shiftReg_reg[4]/Q
                         net (fo=3, routed)           0.124     0.265    ps2_receiver/dp/p_2_in[3]
    SLICE_X1Y108         FDRE                                         r  ps2_receiver/dp/shiftReg_reg[3]/D
  -------------------------------------------------------------------    -------------------

Slack:                    inf
  Source:                 ps2_receiver/dp/shiftReg_reg[5]/C
                            (rising edge-triggered cell FDRE)
  Destination:            ps2_receiver/dp/scanReg_reg[4]/D
  Path Group:             (none)
  Path Type:              Min at Fast Process Corner
  Data Path Delay:        0.267ns  (logic 0.128ns (47.953%)  route 0.139ns (52.047%))
  Logic Levels:           1  (FDRE=1)

    Location             Delay type                Incr(ns)  Path(ns)    Netlist Resource(s)
  -------------------------------------------------------------------    -------------------
    SLICE_X1Y108         FDRE                         0.000     0.000 r  ps2_receiver/dp/shiftReg_reg[5]/C
    SLICE_X1Y108         FDRE (Prop_fdre_C_Q)         0.128     0.128 r  ps2_receiver/dp/shiftReg_reg[5]/Q
                         net (fo=3, routed)           0.139     0.267    ps2_receiver/dp/p_2_in[4]
    SLICE_X0Y108         FDRE                                         r  ps2_receiver/dp/scanReg_reg[4]/D
  -------------------------------------------------------------------    -------------------

Slack:                    inf
  Source:                 oled/Initialize/after_state_reg[2]/C
                            (rising edge-triggered cell FDRE)
  Destination:            oled/Initialize/current_state_reg[2]/D
  Path Group:             (none)
  Path Type:              Min at Fast Process Corner
  Data Path Delay:        0.271ns  (logic 0.209ns (77.063%)  route 0.062ns (22.937%))
  Logic Levels:           2  (FDRE=1 LUT6=1)

    Location             Delay type                Incr(ns)  Path(ns)    Netlist Resource(s)
  -------------------------------------------------------------------    -------------------
    SLICE_X2Y119         FDRE                         0.000     0.000 r  oled/Initialize/after_state_reg[2]/C
    SLICE_X2Y119         FDRE (Prop_fdre_C_Q)         0.164     0.164 r  oled/Initialize/after_state_reg[2]/Q
                         net (fo=2, routed)           0.062     0.226    oled/Initialize/after_state[2]
    SLICE_X3Y119         LUT6 (Prop_lut6_I5_O)        0.045     0.271 r  oled/Initialize/current_state[2]_i_1/O
                         net (fo=1, routed)           0.000     0.271    oled/Initialize/current_state[2]_i_1_n_0
    SLICE_X3Y119         FDSE                                         r  oled/Initialize/current_state_reg[2]/D
  -------------------------------------------------------------------    -------------------

Slack:                    inf
  Source:                 ps2_receiver/dp/shiftReg_reg[4]/C
                            (rising edge-triggered cell FDRE)
  Destination:            ps2_receiver/dp/scanReg_reg[3]/D
  Path Group:             (none)
  Path Type:              Min at Fast Process Corner
  Data Path Delay:        0.272ns  (logic 0.141ns (51.854%)  route 0.131ns (48.146%))
  Logic Levels:           1  (FDRE=1)

    Location             Delay type                Incr(ns)  Path(ns)    Netlist Resource(s)
  -------------------------------------------------------------------    -------------------
    SLICE_X1Y108         FDRE                         0.000     0.000 r  ps2_receiver/dp/shiftReg_reg[4]/C
    SLICE_X1Y108         FDRE (Prop_fdre_C_Q)         0.141     0.141 r  ps2_receiver/dp/shiftReg_reg[4]/Q
                         net (fo=3, routed)           0.131     0.272    ps2_receiver/dp/p_2_in[3]
    SLICE_X0Y108         FDRE                                         r  ps2_receiver/dp/scanReg_reg[3]/D
  -------------------------------------------------------------------    -------------------

Slack:                    inf
  Source:                 oled/Example/temp_sdata_reg[2]/C
                            (rising edge-triggered cell FDRE)
  Destination:            oled/Example/spi_comp/shift_register_reg[2]/D
  Path Group:             (none)
  Path Type:              Min at Fast Process Corner
  Data Path Delay:        0.273ns  (logic 0.186ns (68.106%)  route 0.087ns (31.894%))
  Logic Levels:           2  (FDRE=1 LUT3=1)

    Location             Delay type                Incr(ns)  Path(ns)    Netlist Resource(s)
  -------------------------------------------------------------------    -------------------
    SLICE_X7Y111         FDRE                         0.000     0.000 r  oled/Example/temp_sdata_reg[2]/C
    SLICE_X7Y111         FDRE (Prop_fdre_C_Q)         0.141     0.141 r  oled/Example/temp_sdata_reg[2]/Q
                         net (fo=1, routed)           0.087     0.228    oled/Example/spi_comp/shift_register_reg[2]_0
    SLICE_X6Y111         LUT3 (Prop_lut3_I0_O)        0.045     0.273 r  oled/Example/spi_comp/shift_register[2]_i_1__0/O
                         net (fo=1, routed)           0.000     0.273    oled/Example/spi_comp/shift_register[2]_i_1__0_n_0
    SLICE_X6Y111         FDRE                                         r  oled/Example/spi_comp/shift_register_reg[2]/D
  -------------------------------------------------------------------    -------------------

Slack:                    inf
  Source:                 oled/Example/temp_sdata_reg[5]/C
                            (rising edge-triggered cell FDRE)
  Destination:            oled/Example/spi_comp/shift_register_reg[5]/D
  Path Group:             (none)
  Path Type:              Min at Fast Process Corner
  Data Path Delay:        0.276ns  (logic 0.189ns (68.452%)  route 0.087ns (31.548%))
  Logic Levels:           2  (FDRE=1 LUT3=1)

    Location             Delay type                Incr(ns)  Path(ns)    Netlist Resource(s)
  -------------------------------------------------------------------    -------------------
    SLICE_X7Y112         FDRE                         0.000     0.000 r  oled/Example/temp_sdata_reg[5]/C
    SLICE_X7Y112         FDRE (Prop_fdre_C_Q)         0.141     0.141 r  oled/Example/temp_sdata_reg[5]/Q
                         net (fo=1, routed)           0.087     0.228    oled/Example/spi_comp/shift_register_reg[5]_0[3]
    SLICE_X6Y112         LUT3 (Prop_lut3_I0_O)        0.048     0.276 r  oled/Example/spi_comp/shift_register[5]_i_1__0/O
                         net (fo=1, routed)           0.000     0.276    oled/Example/spi_comp/shift_register[5]_i_1__0_n_0
    SLICE_X6Y112         FDRE                                         r  oled/Example/spi_comp/shift_register_reg[5]/D
  -------------------------------------------------------------------    -------------------

Slack:                    inf
  Source:                 ps2_receiver/dp/shiftReg_reg[10]/C
                            (rising edge-triggered cell FDRE)
  Destination:            ps2_receiver/dp/shiftReg_reg[9]/D
  Path Group:             (none)
  Path Type:              Min at Fast Process Corner
  Data Path Delay:        0.277ns  (logic 0.141ns (50.871%)  route 0.136ns (49.129%))
  Logic Levels:           1  (FDRE=1)

    Location             Delay type                Incr(ns)  Path(ns)    Netlist Resource(s)
  -------------------------------------------------------------------    -------------------
    SLICE_X1Y106         FDRE                         0.000     0.000 r  ps2_receiver/dp/shiftReg_reg[10]/C
    SLICE_X1Y106         FDRE (Prop_fdre_C_Q)         0.141     0.141 r  ps2_receiver/dp/shiftReg_reg[10]/Q
                         net (fo=1, routed)           0.136     0.277    ps2_receiver/dp/shiftReg_reg_n_0_[10]
    SLICE_X1Y106         FDRE                                         r  ps2_receiver/dp/shiftReg_reg[9]/D
  -------------------------------------------------------------------    -------------------





