10:15:07 DEBUG : Logs will be stored at 'C:/Users/C27Jayden.Randolph/ece383_wksp/lab3/IDE.log'.
10:15:11 INFO  : Launching XSCT server: xsct.bat -n  -interactive C:\Users\C27Jayden.Randolph\ece383_wksp\lab3\temp_xsdb_launch_script.tcl
10:15:12 INFO  : Platform repository initialization has completed.
10:15:12 INFO  : Registering command handlers for Vitis TCF services
10:15:17 INFO  : XSCT server has started successfully.
10:15:17 INFO  : plnx-install-location is set to ''
10:15:17 INFO  : Successfully done setting XSCT server connection channel  
10:15:17 INFO  : Successfully done query RDI_DATADIR 
10:15:17 INFO  : Successfully done setting workspace for the tool. 
10:18:16 INFO  : Result from executing command 'getProjects': design_1_wrapper
10:18:16 INFO  : Result from executing command 'getPlatforms': 
10:18:16 WARN  : An unexpected exception occurred in the module 'platform project logging'
10:18:17 INFO  : Platform 'design_1_wrapper' is added to custom repositories.
10:18:21 INFO  : Platform 'design_1_wrapper' is added to custom repositories.
10:20:42 INFO  : Result from executing command 'getProjects': design_1_wrapper
10:20:42 INFO  : Result from executing command 'getPlatforms': design_1_wrapper|C:/Users/C27Jayden.Randolph/ece383_wksp/lab3/design_1_wrapper/export/design_1_wrapper/design_1_wrapper.xpfm
10:20:42 INFO  : Checking for BSP changes to sync application flags for project 'lab3_main'...
10:22:49 INFO  : Connected to target on host '127.0.0.1' and port '3121'.
10:22:51 INFO  : Jtag cable 'Digilent Nexys Video 210276AEF701B' is selected.
10:22:51 INFO  : 'jtag frequency' command is executed.
10:22:51 INFO  : 'targets -set -filter {jtag_cable_name =~ "Digilent Nexys Video 210276AEF701B" && level==0 && jtag_device_ctx=="jsn-Nexys Video-210276AEF701B-13636093-0"}' command is executed.
10:22:57 INFO  : Device configured successfully with "C:/Users/C27Jayden.Randolph/ece383_wksp/lab3/lab3_main/_ide/bitstream/design_1_wrapper.bit"
10:22:57 INFO  : Context for processor 'microblaze_0' is selected.
10:22:57 INFO  : Hardware design and registers information is loaded from 'C:/Users/C27Jayden.Randolph/ece383_wksp/lab3/design_1_wrapper/export/design_1_wrapper/hw/design_1_wrapper.xsa'.
10:22:57 INFO  : 'configparams mdm-detect-bscan-mask 2' command is executed.
10:22:57 INFO  : Context for processor 'microblaze_0' is selected.
10:22:57 INFO  : System reset is completed.
10:23:00 INFO  : 'after 3000' command is executed.
10:23:00 INFO  : Context for processor 'microblaze_0' is selected.
10:23:01 INFO  : The application 'C:/Users/C27Jayden.Randolph/ece383_wksp/lab3/lab3_main/Debug/lab3_main.elf' is downloaded to processor 'microblaze_0'.
10:23:01 INFO  : ----------------XSDB Script----------------
connect -url tcp:127.0.0.1:3121
targets -set -filter {jtag_cable_name =~ "Digilent Nexys Video 210276AEF701B" && level==0 && jtag_device_ctx=="jsn-Nexys Video-210276AEF701B-13636093-0"}
fpga -file C:/Users/C27Jayden.Randolph/ece383_wksp/lab3/lab3_main/_ide/bitstream/design_1_wrapper.bit
targets -set -nocase -filter {name =~ "*microblaze*#0" && bscan=="USER2" }
loadhw -hw C:/Users/C27Jayden.Randolph/ece383_wksp/lab3/design_1_wrapper/export/design_1_wrapper/hw/design_1_wrapper.xsa -regs
configparams mdm-detect-bscan-mask 2
targets -set -nocase -filter {name =~ "*microblaze*#0" && bscan=="USER2" }
rst -system
after 3000
targets -set -nocase -filter {name =~ "*microblaze*#0" && bscan=="USER2" }
dow C:/Users/C27Jayden.Randolph/ece383_wksp/lab3/lab3_main/Debug/lab3_main.elf
----------------End of Script----------------

10:23:01 INFO  : Context for processor 'microblaze_0' is selected.
10:23:01 INFO  : 'con' command is executed.
10:23:01 INFO  : ----------------XSDB Script (After Launch)----------------
targets -set -nocase -filter {name =~ "*microblaze*#0" && bscan=="USER2" }
con
----------------End of Script----------------

10:23:01 INFO  : Launch script is exported to file 'C:\Users\C27Jayden.Randolph\ece383_wksp\lab3\lab3_main_system\_ide\scripts\debugger_lab3_main-default.tcl'
10:23:24 INFO  : Disconnected from the channel tcfchan#2.
10:23:25 INFO  : Connected to target on host '127.0.0.1' and port '3121'.
10:23:26 INFO  : Jtag cable 'Digilent Nexys Video 210276AEF701B' is selected.
10:23:26 INFO  : 'jtag frequency' command is executed.
10:23:26 INFO  : 'targets -set -filter {jtag_cable_name =~ "Digilent Nexys Video 210276AEF701B" && level==0 && jtag_device_ctx=="jsn-Nexys Video-210276AEF701B-13636093-0"}' command is executed.
10:23:31 INFO  : Device configured successfully with "C:/Users/C27Jayden.Randolph/ece383_wksp/lab3/lab3_main/_ide/bitstream/design_1_wrapper.bit"
10:23:31 INFO  : Context for processor 'microblaze_0' is selected.
10:23:31 INFO  : Hardware design and registers information is loaded from 'C:/Users/C27Jayden.Randolph/ece383_wksp/lab3/design_1_wrapper/export/design_1_wrapper/hw/design_1_wrapper.xsa'.
10:23:31 INFO  : 'configparams mdm-detect-bscan-mask 2' command is executed.
10:23:32 INFO  : Context for processor 'microblaze_0' is selected.
10:23:32 INFO  : System reset is completed.
10:23:35 INFO  : 'after 3000' command is executed.
10:23:35 INFO  : Context for processor 'microblaze_0' is selected.
10:23:35 INFO  : The application 'C:/Users/C27Jayden.Randolph/ece383_wksp/lab3/lab3_main/Debug/lab3_main.elf' is downloaded to processor 'microblaze_0'.
10:23:35 INFO  : ----------------XSDB Script----------------
connect -url tcp:127.0.0.1:3121
targets -set -filter {jtag_cable_name =~ "Digilent Nexys Video 210276AEF701B" && level==0 && jtag_device_ctx=="jsn-Nexys Video-210276AEF701B-13636093-0"}
fpga -file C:/Users/C27Jayden.Randolph/ece383_wksp/lab3/lab3_main/_ide/bitstream/design_1_wrapper.bit
targets -set -nocase -filter {name =~ "*microblaze*#0" && bscan=="USER2" }
loadhw -hw C:/Users/C27Jayden.Randolph/ece383_wksp/lab3/design_1_wrapper/export/design_1_wrapper/hw/design_1_wrapper.xsa -regs
configparams mdm-detect-bscan-mask 2
targets -set -nocase -filter {name =~ "*microblaze*#0" && bscan=="USER2" }
rst -system
after 3000
targets -set -nocase -filter {name =~ "*microblaze*#0" && bscan=="USER2" }
dow C:/Users/C27Jayden.Randolph/ece383_wksp/lab3/lab3_main/Debug/lab3_main.elf
----------------End of Script----------------

10:23:35 INFO  : Context for processor 'microblaze_0' is selected.
10:23:35 INFO  : 'con' command is executed.
10:23:35 INFO  : ----------------XSDB Script (After Launch)----------------
targets -set -nocase -filter {name =~ "*microblaze*#0" && bscan=="USER2" }
con
----------------End of Script----------------

10:23:35 INFO  : Launch script is exported to file 'C:\Users\C27Jayden.Randolph\ece383_wksp\lab3\lab3_main_system\_ide\scripts\debugger_lab3_main-default.tcl'
10:25:16 INFO  : Disconnected from the channel tcfchan#3.
10:25:17 INFO  : Connected to target on host '127.0.0.1' and port '3121'.
10:25:27 INFO  : ----------------XSDB Script----------------
connect -url tcp:127.0.0.1:3121
----------------End of Script----------------

10:25:27 ERROR : Could not find FPGA device on the board for connection 'Local'.


Troubleshooting hints:
1. Check whether board is connected to system properly.
2. In case of zynq board, check whether Digilent/Xilinx cable switch settings are correct.
3. If you are using Xilinx Platform Cable USB, ensure that status LED is green.
10:25:44 INFO  : Connected to target on host '127.0.0.1' and port '3121'.
10:25:44 INFO  : Jtag cable 'Digilent Nexys Video 210276AEF701B' is selected.
10:25:44 INFO  : 'jtag frequency' command is executed.
10:25:44 INFO  : 'targets -set -filter {jtag_cable_name =~ "Digilent Nexys Video 210276AEF701B" && level==0 && jtag_device_ctx=="jsn-Nexys Video-210276AEF701B-13636093-0"}' command is executed.
10:25:50 INFO  : Device configured successfully with "C:/Users/C27Jayden.Randolph/ece383_wksp/lab3/lab3_main/_ide/bitstream/design_1_wrapper.bit"
10:25:50 INFO  : Context for processor 'microblaze_0' is selected.
10:25:50 INFO  : Hardware design and registers information is loaded from 'C:/Users/C27Jayden.Randolph/ece383_wksp/lab3/design_1_wrapper/export/design_1_wrapper/hw/design_1_wrapper.xsa'.
10:25:50 INFO  : 'configparams mdm-detect-bscan-mask 2' command is executed.
10:25:50 INFO  : Context for processor 'microblaze_0' is selected.
10:25:50 INFO  : System reset is completed.
10:25:53 INFO  : 'after 3000' command is executed.
10:25:53 INFO  : Context for processor 'microblaze_0' is selected.
10:25:53 INFO  : The application 'C:/Users/C27Jayden.Randolph/ece383_wksp/lab3/lab3_main/Debug/lab3_main.elf' is downloaded to processor 'microblaze_0'.
10:25:53 INFO  : ----------------XSDB Script----------------
connect -url tcp:127.0.0.1:3121
targets -set -filter {jtag_cable_name =~ "Digilent Nexys Video 210276AEF701B" && level==0 && jtag_device_ctx=="jsn-Nexys Video-210276AEF701B-13636093-0"}
fpga -file C:/Users/C27Jayden.Randolph/ece383_wksp/lab3/lab3_main/_ide/bitstream/design_1_wrapper.bit
targets -set -nocase -filter {name =~ "*microblaze*#0" && bscan=="USER2" }
loadhw -hw C:/Users/C27Jayden.Randolph/ece383_wksp/lab3/design_1_wrapper/export/design_1_wrapper/hw/design_1_wrapper.xsa -regs
configparams mdm-detect-bscan-mask 2
targets -set -nocase -filter {name =~ "*microblaze*#0" && bscan=="USER2" }
rst -system
after 3000
targets -set -nocase -filter {name =~ "*microblaze*#0" && bscan=="USER2" }
dow C:/Users/C27Jayden.Randolph/ece383_wksp/lab3/lab3_main/Debug/lab3_main.elf
----------------End of Script----------------

10:25:53 INFO  : Context for processor 'microblaze_0' is selected.
10:25:53 INFO  : 'con' command is executed.
10:25:53 INFO  : ----------------XSDB Script (After Launch)----------------
targets -set -nocase -filter {name =~ "*microblaze*#0" && bscan=="USER2" }
con
----------------End of Script----------------

10:25:53 INFO  : Launch script is exported to file 'C:\Users\C27Jayden.Randolph\ece383_wksp\lab3\lab3_main_system\_ide\scripts\debugger_lab3_main-default.tcl'
10:27:11 INFO  : Checking for BSP changes to sync application flags for project 'lab3_main'...
10:27:22 INFO  : Disconnected from the channel tcfchan#4.
10:27:23 INFO  : Connected to target on host '127.0.0.1' and port '3121'.
10:27:24 INFO  : Jtag cable 'Digilent Nexys Video 210276AEF701B' is selected.
10:27:24 INFO  : 'jtag frequency' command is executed.
10:27:24 INFO  : 'targets -set -filter {jtag_cable_name =~ "Digilent Nexys Video 210276AEF701B" && level==0 && jtag_device_ctx=="jsn-Nexys Video-210276AEF701B-13636093-0"}' command is executed.
10:27:29 INFO  : Device configured successfully with "C:/Users/C27Jayden.Randolph/ece383_wksp/lab3/lab3_main/_ide/bitstream/design_1_wrapper.bit"
10:27:29 INFO  : Context for processor 'microblaze_0' is selected.
10:27:29 INFO  : Hardware design and registers information is loaded from 'C:/Users/C27Jayden.Randolph/ece383_wksp/lab3/design_1_wrapper/export/design_1_wrapper/hw/design_1_wrapper.xsa'.
10:27:29 INFO  : 'configparams mdm-detect-bscan-mask 2' command is executed.
10:27:29 INFO  : Context for processor 'microblaze_0' is selected.
10:27:29 INFO  : System reset is completed.
10:27:33 INFO  : 'after 3000' command is executed.
10:27:33 INFO  : Context for processor 'microblaze_0' is selected.
10:27:33 INFO  : The application 'C:/Users/C27Jayden.Randolph/ece383_wksp/lab3/lab3_main/Debug/lab3_main.elf' is downloaded to processor 'microblaze_0'.
10:27:33 INFO  : ----------------XSDB Script----------------
connect -url tcp:127.0.0.1:3121
targets -set -filter {jtag_cable_name =~ "Digilent Nexys Video 210276AEF701B" && level==0 && jtag_device_ctx=="jsn-Nexys Video-210276AEF701B-13636093-0"}
fpga -file C:/Users/C27Jayden.Randolph/ece383_wksp/lab3/lab3_main/_ide/bitstream/design_1_wrapper.bit
targets -set -nocase -filter {name =~ "*microblaze*#0" && bscan=="USER2" }
loadhw -hw C:/Users/C27Jayden.Randolph/ece383_wksp/lab3/design_1_wrapper/export/design_1_wrapper/hw/design_1_wrapper.xsa -regs
configparams mdm-detect-bscan-mask 2
targets -set -nocase -filter {name =~ "*microblaze*#0" && bscan=="USER2" }
rst -system
after 3000
targets -set -nocase -filter {name =~ "*microblaze*#0" && bscan=="USER2" }
dow C:/Users/C27Jayden.Randolph/ece383_wksp/lab3/lab3_main/Debug/lab3_main.elf
----------------End of Script----------------

10:27:33 INFO  : Context for processor 'microblaze_0' is selected.
10:27:33 INFO  : 'con' command is executed.
10:27:33 INFO  : ----------------XSDB Script (After Launch)----------------
targets -set -nocase -filter {name =~ "*microblaze*#0" && bscan=="USER2" }
con
----------------End of Script----------------

10:27:33 INFO  : Launch script is exported to file 'C:\Users\C27Jayden.Randolph\ece383_wksp\lab3\lab3_main_system\_ide\scripts\debugger_lab3_main-default.tcl'
10:30:10 INFO  : Disconnected from the channel tcfchan#5.
10:30:11 INFO  : Connected to target on host '127.0.0.1' and port '3121'.
10:30:20 INFO  : ----------------XSDB Script----------------
connect -url tcp:127.0.0.1:3121
----------------End of Script----------------

10:30:20 ERROR : Could not find FPGA device on the board for connection 'Local'.


Troubleshooting hints:
1. Check whether board is connected to system properly.
2. In case of zynq board, check whether Digilent/Xilinx cable switch settings are correct.
3. If you are using Xilinx Platform Cable USB, ensure that status LED is green.
10:37:42 INFO  : Checking for BSP changes to sync application flags for project 'lab3_main'...
10:37:57 INFO  : Connected to target on host '127.0.0.1' and port '3121'.
10:37:58 INFO  : Jtag cable 'Digilent Nexys Video 210276AEF701B' is selected.
10:37:58 INFO  : 'jtag frequency' command is executed.
10:37:58 INFO  : 'targets -set -filter {jtag_cable_name =~ "Digilent Nexys Video 210276AEF701B" && level==0 && jtag_device_ctx=="jsn-Nexys Video-210276AEF701B-13636093-0"}' command is executed.
10:38:03 INFO  : Device configured successfully with "C:/Users/C27Jayden.Randolph/ece383_wksp/lab3/lab3_main/_ide/bitstream/design_1_wrapper.bit"
10:38:04 INFO  : Context for processor 'microblaze_0' is selected.
10:38:04 INFO  : Hardware design and registers information is loaded from 'C:/Users/C27Jayden.Randolph/ece383_wksp/lab3/design_1_wrapper/export/design_1_wrapper/hw/design_1_wrapper.xsa'.
10:38:04 INFO  : 'configparams mdm-detect-bscan-mask 2' command is executed.
10:38:04 INFO  : Context for processor 'microblaze_0' is selected.
10:38:04 INFO  : System reset is completed.
10:38:07 INFO  : 'after 3000' command is executed.
10:38:07 INFO  : Context for processor 'microblaze_0' is selected.
10:38:07 INFO  : The application 'C:/Users/C27Jayden.Randolph/ece383_wksp/lab3/lab3_main/Debug/lab3_main.elf' is downloaded to processor 'microblaze_0'.
10:38:07 INFO  : ----------------XSDB Script----------------
connect -url tcp:127.0.0.1:3121
targets -set -filter {jtag_cable_name =~ "Digilent Nexys Video 210276AEF701B" && level==0 && jtag_device_ctx=="jsn-Nexys Video-210276AEF701B-13636093-0"}
fpga -file C:/Users/C27Jayden.Randolph/ece383_wksp/lab3/lab3_main/_ide/bitstream/design_1_wrapper.bit
targets -set -nocase -filter {name =~ "*microblaze*#0" && bscan=="USER2" }
loadhw -hw C:/Users/C27Jayden.Randolph/ece383_wksp/lab3/design_1_wrapper/export/design_1_wrapper/hw/design_1_wrapper.xsa -regs
configparams mdm-detect-bscan-mask 2
targets -set -nocase -filter {name =~ "*microblaze*#0" && bscan=="USER2" }
rst -system
after 3000
targets -set -nocase -filter {name =~ "*microblaze*#0" && bscan=="USER2" }
dow C:/Users/C27Jayden.Randolph/ece383_wksp/lab3/lab3_main/Debug/lab3_main.elf
----------------End of Script----------------

10:38:07 INFO  : Context for processor 'microblaze_0' is selected.
10:38:07 INFO  : 'con' command is executed.
10:38:07 INFO  : ----------------XSDB Script (After Launch)----------------
targets -set -nocase -filter {name =~ "*microblaze*#0" && bscan=="USER2" }
con
----------------End of Script----------------

10:38:07 INFO  : Launch script is exported to file 'C:\Users\C27Jayden.Randolph\ece383_wksp\lab3\lab3_main_system\_ide\scripts\debugger_lab3_main-default.tcl'
13:07:34 INFO  : Checking for BSP changes to sync application flags for project 'lab3_main'...
13:07:52 INFO  : Disconnected from the channel tcfchan#6.
13:07:53 INFO  : Connected to target on host '127.0.0.1' and port '3121'.
13:08:02 INFO  : ----------------XSDB Script----------------
connect -url tcp:127.0.0.1:3121
----------------End of Script----------------

13:08:02 ERROR : Could not find FPGA device on the board for connection 'Local'.


Troubleshooting hints:
1. Check whether board is connected to system properly.
2. In case of zynq board, check whether Digilent/Xilinx cable switch settings are correct.
3. If you are using Xilinx Platform Cable USB, ensure that status LED is green.
13:08:16 INFO  : Checking for BSP changes to sync application flags for project 'lab3_main'...
13:08:25 INFO  : Connected to target on host '127.0.0.1' and port '3121'.
13:08:25 INFO  : Jtag cable 'Digilent Nexys Video 210276B7D0EDB' is selected.
13:08:25 INFO  : 'jtag frequency' command is executed.
13:08:26 INFO  : 'targets -set -filter {jtag_cable_name =~ "Digilent Nexys Video 210276B7D0EDB" && level==0 && jtag_device_ctx=="jsn-Nexys Video-210276B7D0EDB-13636093-0"}' command is executed.
13:08:31 INFO  : Device configured successfully with "C:/Users/C27Jayden.Randolph/ece383_wksp/lab3/lab3_main/_ide/bitstream/design_1_wrapper.bit"
13:08:31 INFO  : Context for processor 'microblaze_0' is selected.
13:08:31 INFO  : Hardware design and registers information is loaded from 'C:/Users/C27Jayden.Randolph/ece383_wksp/lab3/design_1_wrapper/export/design_1_wrapper/hw/design_1_wrapper.xsa'.
13:08:31 INFO  : 'configparams mdm-detect-bscan-mask 2' command is executed.
13:08:31 INFO  : Context for processor 'microblaze_0' is selected.
13:08:31 INFO  : System reset is completed.
13:08:34 INFO  : 'after 3000' command is executed.
13:08:34 INFO  : Context for processor 'microblaze_0' is selected.
13:08:34 INFO  : The application 'C:/Users/C27Jayden.Randolph/ece383_wksp/lab3/lab3_main/Debug/lab3_main.elf' is downloaded to processor 'microblaze_0'.
13:08:34 INFO  : ----------------XSDB Script----------------
connect -url tcp:127.0.0.1:3121
targets -set -filter {jtag_cable_name =~ "Digilent Nexys Video 210276B7D0EDB" && level==0 && jtag_device_ctx=="jsn-Nexys Video-210276B7D0EDB-13636093-0"}
fpga -file C:/Users/C27Jayden.Randolph/ece383_wksp/lab3/lab3_main/_ide/bitstream/design_1_wrapper.bit
targets -set -nocase -filter {name =~ "*microblaze*#0" && bscan=="USER2" }
loadhw -hw C:/Users/C27Jayden.Randolph/ece383_wksp/lab3/design_1_wrapper/export/design_1_wrapper/hw/design_1_wrapper.xsa -regs
configparams mdm-detect-bscan-mask 2
targets -set -nocase -filter {name =~ "*microblaze*#0" && bscan=="USER2" }
rst -system
after 3000
targets -set -nocase -filter {name =~ "*microblaze*#0" && bscan=="USER2" }
dow C:/Users/C27Jayden.Randolph/ece383_wksp/lab3/lab3_main/Debug/lab3_main.elf
----------------End of Script----------------

13:08:35 INFO  : Context for processor 'microblaze_0' is selected.
13:08:35 INFO  : 'con' command is executed.
13:08:35 INFO  : ----------------XSDB Script (After Launch)----------------
targets -set -nocase -filter {name =~ "*microblaze*#0" && bscan=="USER2" }
con
----------------End of Script----------------

13:08:35 INFO  : Launch script is exported to file 'C:\Users\C27Jayden.Randolph\ece383_wksp\lab3\lab3_main_system\_ide\scripts\debugger_lab3_main-default.tcl'
