Copyright 1986-2022 Xilinx, Inc. All Rights Reserved. Copyright 2022-2024 Advanced Micro Devices, Inc. All Rights Reserved.
-------------------------------------------------------------------------------------------------------------------------------------------------
| Tool Version     : Vivado v.2024.2 (win64) Build 5239630 Fri Nov 08 22:35:27 MST 2024
| Date             : Fri Mar  6 09:28:10 2026
| Host             : C27-5CG3121FS7 running 64-bit major release  (build 9200)
| Command          : report_power -file lab2_power_routed.rpt -pb lab2_power_summary_routed.pb -rpx lab2_power_routed.rpx
| Design           : lab2
| Device           : xc7a200tsbg484-1
| Design State     : routed
| Grade            : commercial
| Process          : typical
| Characterization : Production
-------------------------------------------------------------------------------------------------------------------------------------------------

Power Report

Table of Contents
-----------------
1. Summary
1.1 On-Chip Components
1.2 Power Supply Summary
1.3 Confidence Level
2. Settings
2.1 Environment
2.2 Clock Constraints
3. Detailed Reports
3.1 By Hierarchy

1. Summary
----------

+--------------------------+--------------+
| Total On-Chip Power (W)  | 0.536        |
| Design Power Budget (W)  | Unspecified* |
| Power Budget Margin (W)  | NA           |
| Dynamic (W)              | 0.395        |
| Device Static (W)        | 0.141        |
| Effective TJA (C/W)      | 3.3          |
| Max Ambient (C)          | 83.2         |
| Junction Temperature (C) | 26.8         |
| Confidence Level         | Low          |
| Setting File             | ---          |
| Simulation Activity File | ---          |
| Design Nets Matched      | NA           |
+--------------------------+--------------+
* Specify Design Power Budget using, set_operating_conditions -design_power_budget <value in Watts>


1.1 On-Chip Components
----------------------

+--------------------------+-----------+----------+-----------+-----------------+
| On-Chip                  | Power (W) | Used     | Available | Utilization (%) |
+--------------------------+-----------+----------+-----------+-----------------+
| Clocks                   |     0.017 |       11 |       --- |             --- |
| Slice Logic              |     0.003 |     6253 |       --- |             --- |
|   LUT as Logic           |     0.003 |     2273 |    133800 |            1.70 |
|   Register               |    <0.001 |     2693 |    267600 |            1.01 |
|   CARRY4                 |    <0.001 |      217 |     33450 |            0.65 |
|   LUT as Shift Register  |    <0.001 |       75 |     46200 |            0.16 |
|   LUT as Distributed RAM |    <0.001 |       24 |     46200 |            0.05 |
|   F7/F8 Muxes            |    <0.001 |       30 |    133800 |            0.02 |
|   Others                 |     0.000 |      355 |       --- |             --- |
| Signals                  |     0.004 |     4778 |       --- |             --- |
| Block RAM                |     0.004 |     20.5 |       365 |            5.62 |
| MMCM                     |     0.228 |        2 |        10 |           20.00 |
| I/O                      |     0.139 |       35 |       285 |           12.28 |
| Static Power             |     0.141 |          |           |                 |
| Total                    |     0.536 |          |           |                 |
+--------------------------+-----------+----------+-----------+-----------------+


1.2 Power Supply Summary
------------------------

+-----------+-------------+-----------+-------------+------------+-------------+-------------+------------+
| Source    | Voltage (V) | Total (A) | Dynamic (A) | Static (A) | Powerup (A) | Budget (A)  | Margin (A) |
+-----------+-------------+-----------+-------------+------------+-------------+-------------+------------+
| Vccint    |       1.000 |     0.061 |       0.029 |      0.032 |       NA    | Unspecified | NA         |
| Vccaux    |       1.800 |     0.157 |       0.127 |      0.031 |       NA    | Unspecified | NA         |
| Vcco33    |       3.300 |     0.047 |       0.042 |      0.005 |       NA    | Unspecified | NA         |
| Vcco25    |       2.500 |     0.000 |       0.000 |      0.000 |       NA    | Unspecified | NA         |
| Vcco18    |       1.800 |     0.000 |       0.000 |      0.000 |       NA    | Unspecified | NA         |
| Vcco15    |       1.500 |     0.000 |       0.000 |      0.000 |       NA    | Unspecified | NA         |
| Vcco135   |       1.350 |     0.000 |       0.000 |      0.000 |       NA    | Unspecified | NA         |
| Vcco12    |       1.200 |     0.000 |       0.000 |      0.000 |       NA    | Unspecified | NA         |
| Vccaux_io |       1.800 |     0.000 |       0.000 |      0.000 |       NA    | Unspecified | NA         |
| Vccbram   |       1.000 |     0.002 |       0.000 |      0.001 |       NA    | Unspecified | NA         |
| MGTAVcc   |       1.000 |     0.000 |       0.000 |      0.000 |       NA    | Unspecified | NA         |
| MGTAVtt   |       1.200 |     0.000 |       0.000 |      0.000 |       NA    | Unspecified | NA         |
| Vccadc    |       1.800 |     0.020 |       0.000 |      0.020 |       NA    | Unspecified | NA         |
+-----------+-------------+-----------+-------------+------------+-------------+-------------+------------+


1.3 Confidence Level
--------------------

+-----------------------------+------------+--------------------------------------------------------+------------------------------------------------------------------------------------------------------------+
| User Input Data             | Confidence | Details                                                | Action                                                                                                     |
+-----------------------------+------------+--------------------------------------------------------+------------------------------------------------------------------------------------------------------------+
| Design implementation state | High       | Design is routed                                       |                                                                                                            |
| Clock nodes activity        | High       | User specified more than 95% of clocks                 |                                                                                                            |
| I/O nodes activity          | Low        | More than 75% of inputs are missing user specification | Provide missing input activity with simulation results or by editing the "By Resource Type -> I/Os" view   |
| Internal nodes activity     | Medium     | User specified less than 25% of internal nodes         | Provide missing internal nodes activity with simulation results or by editing the "By Resource Type" views |
| Device models               | High       | Device models are Production                           |                                                                                                            |
|                             |            |                                                        |                                                                                                            |
| Overall confidence level    | Low        |                                                        |                                                                                                            |
+-----------------------------+------------+--------------------------------------------------------+------------------------------------------------------------------------------------------------------------+


2. Settings
-----------

2.1 Environment
---------------

+-----------------------+--------------------------+
| Ambient Temp (C)      | 25.0                     |
| ThetaJA (C/W)         | 3.3                      |
| Airflow (LFM)         | 250                      |
| Heat Sink             | medium (Medium Profile)  |
| ThetaSA (C/W)         | 4.6                      |
| Board Selection       | medium (10"x10")         |
| # of Board Layers     | 12to15 (12 to 15 Layers) |
| Board Temperature (C) | 25.0                     |
+-----------------------+--------------------------+


2.2 Clock Constraints
---------------------

+--------------------------------------------------------------------------------------------+--------------------------------------------------------------------------+-----------------+
| Clock                                                                                      | Domain                                                                   | Constraint (ns) |
+--------------------------------------------------------------------------------------------+--------------------------------------------------------------------------+-----------------+
| clk_out1_clk_wiz_0                                                                         | datapath/video_inst/mmcm_adv_inst_display_clocks/inst/clk_out1_clk_wiz_0 |            40.0 |
| clk_out1_clk_wiz_1                                                                         | datapath/Audio_Codec/audiocodec_master_clock/inst/clk_out1_clk_wiz_1     |            81.4 |
| clk_out2_clk_wiz_0                                                                         | datapath/video_inst/mmcm_adv_inst_display_clocks/inst/clk_out2_clk_wiz_0 |             8.0 |
| clk_out2_clk_wiz_1                                                                         | datapath/Audio_Codec/audiocodec_master_clock/inst/clk_out2_clk_wiz_1     |            20.0 |
| clkfbout_clk_wiz_0                                                                         | datapath/video_inst/mmcm_adv_inst_display_clocks/inst/clkfbout_clk_wiz_0 |            10.0 |
| clkfbout_clk_wiz_1                                                                         | datapath/Audio_Codec/audiocodec_master_clock/inst/clkfbout_clk_wiz_1     |            10.0 |
| datapath/video_inst/mmcm_adv_inst_display_clocks/inst/clk_in1                              | clk_IBUF_BUFG                                                            |            10.0 |
| dbg_hub/inst/BSCANID.u_xsdbm_id/SWITCH_N_EXT_BSCAN.bscan_inst/SERIES7_BSCAN.bscan_inst/TCK | dbg_hub/inst/BSCANID.u_xsdbm_id/SWITCH_N_EXT_BSCAN.bscan_inst/TCK        |            33.0 |
+--------------------------------------------------------------------------------------------+--------------------------------------------------------------------------+-----------------+


3. Detailed Reports
-------------------

3.1 By Hierarchy
----------------

+------------------------------------+-----------+
| Name                               | Power (W) |
+------------------------------------+-----------+
| lab2                               |     0.395 |
|   datapath                         |     0.371 |
|     Audio_Codec                    |     0.125 |
|       audiocodec_master_clock      |     0.123 |
|     leftChannelMemory              |     0.001 |
|     rightChannelMemory             |     0.001 |
|     video_inst                     |     0.242 |
|       inst_dvid                    |     0.001 |
|       mmcm_adv_inst_display_clocks |     0.107 |
|   dbg_hub                          |     0.004 |
|     inst                           |     0.004 |
|       BSCANID.u_xsdbm_id           |     0.004 |
|   oled                             |     0.003 |
|     Example                        |     0.002 |
|   u_ila_0                          |     0.011 |
|     inst                           |     0.011 |
|       ila_core_inst                |     0.011 |
+------------------------------------+-----------+


