11:08:51 DEBUG : Logs will be stored at 'C:/Users/C27Jayden.Randolph/ece383_wksp/ice2/IDE.log'.
11:09:00 INFO  : Launching XSCT server: xsct.bat -n  -interactive C:\Users\C27Jayden.Randolph\ece383_wksp\ice2\temp_xsdb_launch_script.tcl
11:09:01 INFO  : Platform repository initialization has completed.
11:09:03 INFO  : Registering command handlers for Vitis TCF services
11:09:11 INFO  : XSCT server has started successfully.
11:09:11 INFO  : plnx-install-location is set to ''
11:09:22 INFO  : Successfully done setting XSCT server connection channel  
11:09:22 INFO  : Successfully done query RDI_DATADIR 
11:09:22 INFO  : Successfully done setting workspace for the tool. 
11:11:42 INFO  : Result from executing command 'getProjects': design_1_wrapper
11:11:42 INFO  : Result from executing command 'getPlatforms': 
11:11:43 WARN  : An unexpected exception occurred in the module 'platform project logging'
11:11:43 INFO  : Platform 'design_1_wrapper' is added to custom repositories.
11:11:50 INFO  : Platform 'design_1_wrapper' is added to custom repositories.
11:15:08 INFO  : Result from executing command 'getProjects': design_1_wrapper
11:15:08 INFO  : Result from executing command 'getPlatforms': design_1_wrapper|C:/Users/C27Jayden.Randolph/ece383_wksp/ice2/design_1_wrapper/export/design_1_wrapper/design_1_wrapper.xpfm
11:15:08 INFO  : Checking for BSP changes to sync application flags for project 'ublaze2'...
11:21:40 INFO  : Connected to target on host '127.0.0.1' and port '3121'.
11:21:41 INFO  : Jtag cable 'Digilent Nexys Video 210276B26164B' is selected.
11:21:41 INFO  : 'jtag frequency' command is executed.
11:21:41 INFO  : 'targets -set -filter {jtag_cable_name =~ "Digilent Nexys Video 210276B26164B" && level==0 && jtag_device_ctx=="jsn-Nexys Video-210276B26164B-13636093-0"}' command is executed.
11:21:47 INFO  : Device configured successfully with "C:/Users/C27Jayden.Randolph/ece383_wksp/ice2/ublaze2/_ide/bitstream/design_1_wrapper.bit"
11:21:47 INFO  : Context for processor 'microblaze_0' is selected.
11:21:47 INFO  : Hardware design and registers information is loaded from 'C:/Users/C27Jayden.Randolph/ece383_wksp/ice2/design_1_wrapper/export/design_1_wrapper/hw/design_1_wrapper.xsa'.
11:21:47 INFO  : 'configparams mdm-detect-bscan-mask 2' command is executed.
11:21:47 INFO  : Context for processor 'microblaze_0' is selected.
11:21:47 INFO  : System reset is completed.
11:21:50 INFO  : 'after 3000' command is executed.
11:21:51 INFO  : Context for processor 'microblaze_0' is selected.
11:21:51 INFO  : The application 'C:/Users/C27Jayden.Randolph/ece383_wksp/ice2/ublaze2/Debug/ublaze2.elf' is downloaded to processor 'microblaze_0'.
11:21:51 INFO  : ----------------XSDB Script----------------
connect -url tcp:127.0.0.1:3121
targets -set -filter {jtag_cable_name =~ "Digilent Nexys Video 210276B26164B" && level==0 && jtag_device_ctx=="jsn-Nexys Video-210276B26164B-13636093-0"}
fpga -file C:/Users/C27Jayden.Randolph/ece383_wksp/ice2/ublaze2/_ide/bitstream/design_1_wrapper.bit
targets -set -nocase -filter {name =~ "*microblaze*#0" && bscan=="USER2" }
loadhw -hw C:/Users/C27Jayden.Randolph/ece383_wksp/ice2/design_1_wrapper/export/design_1_wrapper/hw/design_1_wrapper.xsa -regs
configparams mdm-detect-bscan-mask 2
targets -set -nocase -filter {name =~ "*microblaze*#0" && bscan=="USER2" }
rst -system
after 3000
targets -set -nocase -filter {name =~ "*microblaze*#0" && bscan=="USER2" }
dow C:/Users/C27Jayden.Randolph/ece383_wksp/ice2/ublaze2/Debug/ublaze2.elf
----------------End of Script----------------

11:21:51 INFO  : Context for processor 'microblaze_0' is selected.
11:21:51 INFO  : 'con' command is executed.
11:21:51 INFO  : ----------------XSDB Script (After Launch)----------------
targets -set -nocase -filter {name =~ "*microblaze*#0" && bscan=="USER2" }
con
----------------End of Script----------------

11:21:51 INFO  : Launch script is exported to file 'C:\Users\C27Jayden.Randolph\ece383_wksp\ice2\ublaze2_system\_ide\scripts\debugger_ublaze2-default.tcl'
11:23:10 INFO  : Disconnected from the channel tcfchan#2.
11:23:11 INFO  : Connected to target on host '127.0.0.1' and port '3121'.
11:23:11 INFO  : Jtag cable 'Digilent Nexys Video 210276B26164B' is selected.
11:23:11 INFO  : 'jtag frequency' command is executed.
11:23:12 INFO  : 'targets -set -filter {jtag_cable_name =~ "Digilent Nexys Video 210276B26164B" && level==0 && jtag_device_ctx=="jsn-Nexys Video-210276B26164B-13636093-0"}' command is executed.
11:23:17 INFO  : Device configured successfully with "C:/Users/C27Jayden.Randolph/ece383_wksp/ice2/ublaze2/_ide/bitstream/design_1_wrapper.bit"
11:23:17 INFO  : Context for processor 'microblaze_0' is selected.
11:23:17 INFO  : Hardware design and registers information is loaded from 'C:/Users/C27Jayden.Randolph/ece383_wksp/ice2/design_1_wrapper/export/design_1_wrapper/hw/design_1_wrapper.xsa'.
11:23:17 INFO  : 'configparams mdm-detect-bscan-mask 2' command is executed.
11:23:17 INFO  : Context for processor 'microblaze_0' is selected.
11:23:17 INFO  : System reset is completed.
11:23:20 INFO  : 'after 3000' command is executed.
11:23:20 INFO  : Context for processor 'microblaze_0' is selected.
11:23:20 INFO  : The application 'C:/Users/C27Jayden.Randolph/ece383_wksp/ice2/ublaze2/Debug/ublaze2.elf' is downloaded to processor 'microblaze_0'.
11:23:20 INFO  : ----------------XSDB Script----------------
connect -url tcp:127.0.0.1:3121
targets -set -filter {jtag_cable_name =~ "Digilent Nexys Video 210276B26164B" && level==0 && jtag_device_ctx=="jsn-Nexys Video-210276B26164B-13636093-0"}
fpga -file C:/Users/C27Jayden.Randolph/ece383_wksp/ice2/ublaze2/_ide/bitstream/design_1_wrapper.bit
targets -set -nocase -filter {name =~ "*microblaze*#0" && bscan=="USER2" }
loadhw -hw C:/Users/C27Jayden.Randolph/ece383_wksp/ice2/design_1_wrapper/export/design_1_wrapper/hw/design_1_wrapper.xsa -regs
configparams mdm-detect-bscan-mask 2
targets -set -nocase -filter {name =~ "*microblaze*#0" && bscan=="USER2" }
rst -system
after 3000
targets -set -nocase -filter {name =~ "*microblaze*#0" && bscan=="USER2" }
dow C:/Users/C27Jayden.Randolph/ece383_wksp/ice2/ublaze2/Debug/ublaze2.elf
----------------End of Script----------------

11:23:20 INFO  : Context for processor 'microblaze_0' is selected.
11:23:20 INFO  : 'con' command is executed.
11:23:20 INFO  : ----------------XSDB Script (After Launch)----------------
targets -set -nocase -filter {name =~ "*microblaze*#0" && bscan=="USER2" }
con
----------------End of Script----------------

11:23:20 INFO  : Launch script is exported to file 'C:\Users\C27Jayden.Randolph\ece383_wksp\ice2\ublaze2_system\_ide\scripts\debugger_ublaze2-default.tcl'
11:23:57 INFO  : Disconnected from the channel tcfchan#3.
11:23:58 INFO  : Connected to target on host '127.0.0.1' and port '3121'.
11:24:07 INFO  : ----------------XSDB Script----------------
connect -url tcp:127.0.0.1:3121
----------------End of Script----------------

11:24:07 ERROR : Could not find FPGA device on the board for connection 'Local'.


Troubleshooting hints:
1. Check whether board is connected to system properly.
2. In case of zynq board, check whether Digilent/Xilinx cable switch settings are correct.
3. If you are using Xilinx Platform Cable USB, ensure that status LED is green.
11:24:56 INFO  : Connected to target on host '127.0.0.1' and port '3121'.
11:24:56 INFO  : Jtag cable 'Digilent Nexys Video 210276B26164B' is selected.
11:24:56 INFO  : 'jtag frequency' command is executed.
11:24:56 INFO  : 'targets -set -filter {jtag_cable_name =~ "Digilent Nexys Video 210276B26164B" && level==0 && jtag_device_ctx=="jsn-Nexys Video-210276B26164B-13636093-0"}' command is executed.
11:25:01 INFO  : Device configured successfully with "C:/Users/C27Jayden.Randolph/ece383_wksp/ice2/ublaze2/_ide/bitstream/design_1_wrapper.bit"
11:25:01 INFO  : Context for processor 'microblaze_0' is selected.
11:25:01 INFO  : Hardware design and registers information is loaded from 'C:/Users/C27Jayden.Randolph/ece383_wksp/ice2/design_1_wrapper/export/design_1_wrapper/hw/design_1_wrapper.xsa'.
11:25:01 INFO  : 'configparams mdm-detect-bscan-mask 2' command is executed.
11:25:02 INFO  : Context for processor 'microblaze_0' is selected.
11:25:02 INFO  : System reset is completed.
11:25:05 INFO  : 'after 3000' command is executed.
11:25:05 INFO  : Context for processor 'microblaze_0' is selected.
11:25:05 INFO  : The application 'C:/Users/C27Jayden.Randolph/ece383_wksp/ice2/ublaze2/Debug/ublaze2.elf' is downloaded to processor 'microblaze_0'.
11:25:05 INFO  : ----------------XSDB Script----------------
connect -url tcp:127.0.0.1:3121
targets -set -filter {jtag_cable_name =~ "Digilent Nexys Video 210276B26164B" && level==0 && jtag_device_ctx=="jsn-Nexys Video-210276B26164B-13636093-0"}
fpga -file C:/Users/C27Jayden.Randolph/ece383_wksp/ice2/ublaze2/_ide/bitstream/design_1_wrapper.bit
targets -set -nocase -filter {name =~ "*microblaze*#0" && bscan=="USER2" }
loadhw -hw C:/Users/C27Jayden.Randolph/ece383_wksp/ice2/design_1_wrapper/export/design_1_wrapper/hw/design_1_wrapper.xsa -regs
configparams mdm-detect-bscan-mask 2
targets -set -nocase -filter {name =~ "*microblaze*#0" && bscan=="USER2" }
rst -system
after 3000
targets -set -nocase -filter {name =~ "*microblaze*#0" && bscan=="USER2" }
dow C:/Users/C27Jayden.Randolph/ece383_wksp/ice2/ublaze2/Debug/ublaze2.elf
----------------End of Script----------------

11:25:05 INFO  : Context for processor 'microblaze_0' is selected.
11:25:05 INFO  : 'con' command is executed.
11:25:05 INFO  : ----------------XSDB Script (After Launch)----------------
targets -set -nocase -filter {name =~ "*microblaze*#0" && bscan=="USER2" }
con
----------------End of Script----------------

11:25:05 INFO  : Launch script is exported to file 'C:\Users\C27Jayden.Randolph\ece383_wksp\ice2\ublaze2_system\_ide\scripts\debugger_ublaze2-default.tcl'
12:40:41 INFO  : Result from executing command 'removePlatformRepo': 
12:42:13 INFO  : Result from executing command 'getProjects': design_1_wrapper
12:42:13 INFO  : Result from executing command 'getPlatforms': 
12:42:13 INFO  : Checking for BSP changes to sync application flags for project 'ublaze2'...
12:46:37 INFO  : Checking for BSP changes to sync application flags for project 'ublaze2'...
12:46:48 INFO  : Disconnected from the channel tcfchan#4.
12:46:49 INFO  : Connected to target on host '127.0.0.1' and port '3121'.
12:46:58 INFO  : ----------------XSDB Script----------------
connect -url tcp:127.0.0.1:3121
----------------End of Script----------------

12:46:58 ERROR : Could not find FPGA device on the board for connection 'Local'.


Troubleshooting hints:
1. Check whether board is connected to system properly.
2. In case of zynq board, check whether Digilent/Xilinx cable switch settings are correct.
3. If you are using Xilinx Platform Cable USB, ensure that status LED is green.
12:47:14 INFO  : Connected to target on host '127.0.0.1' and port '3121'.
12:47:14 INFO  : Jtag cable 'Digilent Nexys Video 210276B26164B' is selected.
12:47:14 INFO  : 'jtag frequency' command is executed.
12:47:14 INFO  : 'targets -set -filter {jtag_cable_name =~ "Digilent Nexys Video 210276B26164B" && level==0 && jtag_device_ctx=="jsn-Nexys Video-210276B26164B-13636093-0"}' command is executed.
12:47:20 INFO  : Device configured successfully with "C:/Users/C27Jayden.Randolph/ece383_wksp/ice2/ublaze2/_ide/bitstream/design_1_wrapper.bit"
12:47:20 INFO  : Context for processor 'microblaze_0' is selected.
12:47:20 INFO  : Hardware design and registers information is loaded from 'C:/Users/C27Jayden.Randolph/ece383_wksp/ice2/design_1_wrapper/export/design_1_wrapper/hw/design_1_wrapper.xsa'.
12:47:20 INFO  : 'configparams mdm-detect-bscan-mask 2' command is executed.
12:47:20 INFO  : Context for processor 'microblaze_0' is selected.
12:47:20 INFO  : System reset is completed.
12:47:23 INFO  : 'after 3000' command is executed.
12:47:23 INFO  : Context for processor 'microblaze_0' is selected.
12:47:23 INFO  : The application 'C:/Users/C27Jayden.Randolph/ece383_wksp/ice2/ublaze2/Debug/ublaze2.elf' is downloaded to processor 'microblaze_0'.
12:47:23 INFO  : ----------------XSDB Script----------------
connect -url tcp:127.0.0.1:3121
targets -set -filter {jtag_cable_name =~ "Digilent Nexys Video 210276B26164B" && level==0 && jtag_device_ctx=="jsn-Nexys Video-210276B26164B-13636093-0"}
fpga -file C:/Users/C27Jayden.Randolph/ece383_wksp/ice2/ublaze2/_ide/bitstream/design_1_wrapper.bit
targets -set -nocase -filter {name =~ "*microblaze*#0" && bscan=="USER2" }
loadhw -hw C:/Users/C27Jayden.Randolph/ece383_wksp/ice2/design_1_wrapper/export/design_1_wrapper/hw/design_1_wrapper.xsa -regs
configparams mdm-detect-bscan-mask 2
targets -set -nocase -filter {name =~ "*microblaze*#0" && bscan=="USER2" }
rst -system
after 3000
targets -set -nocase -filter {name =~ "*microblaze*#0" && bscan=="USER2" }
dow C:/Users/C27Jayden.Randolph/ece383_wksp/ice2/ublaze2/Debug/ublaze2.elf
----------------End of Script----------------

12:47:23 INFO  : Context for processor 'microblaze_0' is selected.
12:47:23 INFO  : 'con' command is executed.
12:47:23 INFO  : ----------------XSDB Script (After Launch)----------------
targets -set -nocase -filter {name =~ "*microblaze*#0" && bscan=="USER2" }
con
----------------End of Script----------------

12:47:23 INFO  : Launch script is exported to file 'C:\Users\C27Jayden.Randolph\ece383_wksp\ice2\ublaze2_system\_ide\scripts\debugger_ublaze2-default.tcl'
12:51:25 INFO  : Disconnected from the channel tcfchan#7.
13:34:00 DEBUG : Logs will be stored at 'C:/Users/C27Jayden.Randolph/ece383_wksp/ice2/IDE.log'.
13:34:01 INFO  : Launching XSCT server: xsct.bat -n  -interactive C:\Users\C27Jayden.Randolph\ece383_wksp\ice2\temp_xsdb_launch_script.tcl
13:34:06 INFO  : XSCT server has started successfully.
13:34:06 INFO  : plnx-install-location is set to ''
13:34:06 INFO  : Successfully done setting XSCT server connection channel  
13:34:06 INFO  : Successfully done setting workspace for the tool. 
13:34:07 INFO  : Platform repository initialization has completed.
13:34:07 INFO  : Registering command handlers for Vitis TCF services
13:34:07 INFO  : Successfully done query RDI_DATADIR 
13:34:39 ERROR : An unexpected exception occurred in the module 'reading platform'
13:34:40 WARN  : An unexpected exception occurred in the module 'platform project logging'
13:36:29 INFO  : Result from executing command 'getProjects': design_1_wrapper
13:36:29 INFO  : Result from executing command 'getPlatforms': 
13:36:30 WARN  : An unexpected exception occurred in the module 'platform project logging'
13:36:30 INFO  : Platform 'design_1_wrapper' is added to custom repositories.
13:36:35 INFO  : Platform 'design_1_wrapper' is added to custom repositories.
13:40:58 INFO  : Result from executing command 'getProjects': design_1_wrapper
13:40:58 INFO  : Result from executing command 'getPlatforms': design_1_wrapper|C:/Users/C27Jayden.Randolph/ece383_wksp/ice2/design_1_wrapper/export/design_1_wrapper/design_1_wrapper.xpfm
13:40:59 INFO  : Checking for BSP changes to sync application flags for project 'ublaze3'...
15:21:13 INFO  : Checking for BSP changes to sync application flags for project 'ublaze3'...
15:21:36 INFO  : Connected to target on host '127.0.0.1' and port '3121'.
15:21:39 INFO  : Jtag cable 'Digilent Nexys Video 210276B26164B' is selected.
15:21:39 INFO  : 'jtag frequency' command is executed.
15:21:40 INFO  : 'targets -set -filter {jtag_cable_name =~ "Digilent Nexys Video 210276B26164B" && level==0 && jtag_device_ctx=="jsn-Nexys Video-210276B26164B-13636093-0"}' command is executed.
15:21:46 INFO  : Device configured successfully with "C:/Users/C27Jayden.Randolph/ece383_wksp/ice2/ublaze3/_ide/bitstream/design_1_wrapper.bit"
15:21:46 INFO  : Context for processor 'microblaze_0' is selected.
15:21:47 INFO  : Hardware design and registers information is loaded from 'C:/Users/C27Jayden.Randolph/ece383_wksp/ice2/design_1_wrapper/export/design_1_wrapper/hw/design_1_wrapper.xsa'.
15:21:47 INFO  : 'configparams mdm-detect-bscan-mask 2' command is executed.
15:21:47 INFO  : Context for processor 'microblaze_0' is selected.
15:21:47 INFO  : System reset is completed.
15:21:50 INFO  : 'after 3000' command is executed.
15:21:50 INFO  : Context for processor 'microblaze_0' is selected.
15:21:50 INFO  : The application 'C:/Users/C27Jayden.Randolph/ece383_wksp/ice2/ublaze3/Debug/ublaze3.elf' is downloaded to processor 'microblaze_0'.
15:21:50 INFO  : ----------------XSDB Script----------------
connect -url tcp:127.0.0.1:3121
targets -set -filter {jtag_cable_name =~ "Digilent Nexys Video 210276B26164B" && level==0 && jtag_device_ctx=="jsn-Nexys Video-210276B26164B-13636093-0"}
fpga -file C:/Users/C27Jayden.Randolph/ece383_wksp/ice2/ublaze3/_ide/bitstream/design_1_wrapper.bit
targets -set -nocase -filter {name =~ "*microblaze*#0" && bscan=="USER2" }
loadhw -hw C:/Users/C27Jayden.Randolph/ece383_wksp/ice2/design_1_wrapper/export/design_1_wrapper/hw/design_1_wrapper.xsa -regs
configparams mdm-detect-bscan-mask 2
targets -set -nocase -filter {name =~ "*microblaze*#0" && bscan=="USER2" }
rst -system
after 3000
targets -set -nocase -filter {name =~ "*microblaze*#0" && bscan=="USER2" }
dow C:/Users/C27Jayden.Randolph/ece383_wksp/ice2/ublaze3/Debug/ublaze3.elf
----------------End of Script----------------

15:21:50 INFO  : Context for processor 'microblaze_0' is selected.
15:21:50 INFO  : 'con' command is executed.
15:21:50 INFO  : ----------------XSDB Script (After Launch)----------------
targets -set -nocase -filter {name =~ "*microblaze*#0" && bscan=="USER2" }
con
----------------End of Script----------------

15:21:50 INFO  : Launch script is exported to file 'C:\Users\C27Jayden.Randolph\ece383_wksp\ice2\ublaze3_system\_ide\scripts\debugger_ublaze3-default.tcl'
15:24:12 INFO  : Checking for BSP changes to sync application flags for project 'ublaze3'...
15:24:24 INFO  : Disconnected from the channel tcfchan#2.
15:24:25 INFO  : Connected to target on host '127.0.0.1' and port '3121'.
15:24:25 INFO  : Jtag cable 'Digilent Nexys Video 210276B26164B' is selected.
15:24:25 INFO  : 'jtag frequency' command is executed.
15:24:26 INFO  : 'targets -set -filter {jtag_cable_name =~ "Digilent Nexys Video 210276B26164B" && level==0 && jtag_device_ctx=="jsn-Nexys Video-210276B26164B-13636093-0"}' command is executed.
15:24:31 INFO  : Device configured successfully with "C:/Users/C27Jayden.Randolph/ece383_wksp/ice2/ublaze3/_ide/bitstream/design_1_wrapper.bit"
15:24:31 INFO  : Context for processor 'microblaze_0' is selected.
15:24:31 INFO  : Hardware design and registers information is loaded from 'C:/Users/C27Jayden.Randolph/ece383_wksp/ice2/design_1_wrapper/export/design_1_wrapper/hw/design_1_wrapper.xsa'.
15:24:31 INFO  : 'configparams mdm-detect-bscan-mask 2' command is executed.
15:24:31 INFO  : Context for processor 'microblaze_0' is selected.
15:24:31 INFO  : System reset is completed.
15:24:34 INFO  : 'after 3000' command is executed.
15:24:34 INFO  : Context for processor 'microblaze_0' is selected.
15:24:34 INFO  : The application 'C:/Users/C27Jayden.Randolph/ece383_wksp/ice2/ublaze3/Debug/ublaze3.elf' is downloaded to processor 'microblaze_0'.
15:24:34 INFO  : ----------------XSDB Script----------------
connect -url tcp:127.0.0.1:3121
targets -set -filter {jtag_cable_name =~ "Digilent Nexys Video 210276B26164B" && level==0 && jtag_device_ctx=="jsn-Nexys Video-210276B26164B-13636093-0"}
fpga -file C:/Users/C27Jayden.Randolph/ece383_wksp/ice2/ublaze3/_ide/bitstream/design_1_wrapper.bit
targets -set -nocase -filter {name =~ "*microblaze*#0" && bscan=="USER2" }
loadhw -hw C:/Users/C27Jayden.Randolph/ece383_wksp/ice2/design_1_wrapper/export/design_1_wrapper/hw/design_1_wrapper.xsa -regs
configparams mdm-detect-bscan-mask 2
targets -set -nocase -filter {name =~ "*microblaze*#0" && bscan=="USER2" }
rst -system
after 3000
targets -set -nocase -filter {name =~ "*microblaze*#0" && bscan=="USER2" }
dow C:/Users/C27Jayden.Randolph/ece383_wksp/ice2/ublaze3/Debug/ublaze3.elf
----------------End of Script----------------

15:24:34 INFO  : Context for processor 'microblaze_0' is selected.
15:24:34 INFO  : 'con' command is executed.
15:24:34 INFO  : ----------------XSDB Script (After Launch)----------------
targets -set -nocase -filter {name =~ "*microblaze*#0" && bscan=="USER2" }
con
----------------End of Script----------------

15:24:34 INFO  : Launch script is exported to file 'C:\Users\C27Jayden.Randolph\ece383_wksp\ice2\ublaze3_system\_ide\scripts\debugger_ublaze3-default.tcl'
05:28:49 INFO  : Disconnected from the channel tcfchan#3.
